Archive member included to satisfy reference by file (symbol)

/opt/st/stm32cubeide_1.8.0/plugins/com.st.stm32cube.ide.mcu.externaltools.gnu-tools-for-stm32.9-2020-q2-update.linux64_2.0.0.202105311346/tools/bin/../lib/gcc/arm-none-eabi/9.3.1/../../../../arm-none-eabi/lib/thumb/v7-m/nofp/libstdc++_nano.a(new_op.o)
                              ./Core/Src/screens.o (operator new(unsigned int))
/opt/st/stm32cubeide_1.8.0/plugins/com.st.stm32cube.ide.mcu.externaltools.gnu-tools-for-stm32.9-2020-q2-update.linux64_2.0.0.202105311346/tools/bin/../lib/gcc/arm-none-eabi/9.3.1/../../../../arm-none-eabi/lib/thumb/v7-m/nofp/libstdc++_nano.a(new_handler.o)
                              /opt/st/stm32cubeide_1.8.0/plugins/com.st.stm32cube.ide.mcu.externaltools.gnu-tools-for-stm32.9-2020-q2-update.linux64_2.0.0.202105311346/tools/bin/../lib/gcc/arm-none-eabi/9.3.1/../../../../arm-none-eabi/lib/thumb/v7-m/nofp/libstdc++_nano.a(new_op.o) (std::get_new_handler())
/opt/st/stm32cubeide_1.8.0/plugins/com.st.stm32cube.ide.mcu.externaltools.gnu-tools-for-stm32.9-2020-q2-update.linux64_2.0.0.202105311346/tools/bin/../lib/gcc/arm-none-eabi/9.3.1/../../../../arm-none-eabi/lib/thumb/v7-m/nofp/libm.a(lib_a-wf_pow.o)
                              ./Core/Src/screens.o (powf)
/opt/st/stm32cubeide_1.8.0/plugins/com.st.stm32cube.ide.mcu.externaltools.gnu-tools-for-stm32.9-2020-q2-update.linux64_2.0.0.202105311346/tools/bin/../lib/gcc/arm-none-eabi/9.3.1/../../../../arm-none-eabi/lib/thumb/v7-m/nofp/libm.a(lib_a-ef_pow.o)
                              /opt/st/stm32cubeide_1.8.0/plugins/com.st.stm32cube.ide.mcu.externaltools.gnu-tools-for-stm32.9-2020-q2-update.linux64_2.0.0.202105311346/tools/bin/../lib/gcc/arm-none-eabi/9.3.1/../../../../arm-none-eabi/lib/thumb/v7-m/nofp/libm.a(lib_a-wf_pow.o) (__ieee754_powf)
/opt/st/stm32cubeide_1.8.0/plugins/com.st.stm32cube.ide.mcu.externaltools.gnu-tools-for-stm32.9-2020-q2-update.linux64_2.0.0.202105311346/tools/bin/../lib/gcc/arm-none-eabi/9.3.1/../../../../arm-none-eabi/lib/thumb/v7-m/nofp/libm.a(lib_a-ef_sqrt.o)
                              /opt/st/stm32cubeide_1.8.0/plugins/com.st.stm32cube.ide.mcu.externaltools.gnu-tools-for-stm32.9-2020-q2-update.linux64_2.0.0.202105311346/tools/bin/../lib/gcc/arm-none-eabi/9.3.1/../../../../arm-none-eabi/lib/thumb/v7-m/nofp/libm.a(lib_a-ef_pow.o) (__ieee754_sqrtf)
/opt/st/stm32cubeide_1.8.0/plugins/com.st.stm32cube.ide.mcu.externaltools.gnu-tools-for-stm32.9-2020-q2-update.linux64_2.0.0.202105311346/tools/bin/../lib/gcc/arm-none-eabi/9.3.1/../../../../arm-none-eabi/lib/thumb/v7-m/nofp/libm.a(lib_a-s_lib_ver.o)
                              /opt/st/stm32cubeide_1.8.0/plugins/com.st.stm32cube.ide.mcu.externaltools.gnu-tools-for-stm32.9-2020-q2-update.linux64_2.0.0.202105311346/tools/bin/../lib/gcc/arm-none-eabi/9.3.1/../../../../arm-none-eabi/lib/thumb/v7-m/nofp/libm.a(lib_a-wf_pow.o) (__fdlib_version)
/opt/st/stm32cubeide_1.8.0/plugins/com.st.stm32cube.ide.mcu.externaltools.gnu-tools-for-stm32.9-2020-q2-update.linux64_2.0.0.202105311346/tools/bin/../lib/gcc/arm-none-eabi/9.3.1/../../../../arm-none-eabi/lib/thumb/v7-m/nofp/libm.a(lib_a-sf_fabs.o)
                              /opt/st/stm32cubeide_1.8.0/plugins/com.st.stm32cube.ide.mcu.externaltools.gnu-tools-for-stm32.9-2020-q2-update.linux64_2.0.0.202105311346/tools/bin/../lib/gcc/arm-none-eabi/9.3.1/../../../../arm-none-eabi/lib/thumb/v7-m/nofp/libm.a(lib_a-ef_pow.o) (fabsf)
/opt/st/stm32cubeide_1.8.0/plugins/com.st.stm32cube.ide.mcu.externaltools.gnu-tools-for-stm32.9-2020-q2-update.linux64_2.0.0.202105311346/tools/bin/../lib/gcc/arm-none-eabi/9.3.1/../../../../arm-none-eabi/lib/thumb/v7-m/nofp/libm.a(lib_a-sf_finite.o)
                              /opt/st/stm32cubeide_1.8.0/plugins/com.st.stm32cube.ide.mcu.externaltools.gnu-tools-for-stm32.9-2020-q2-update.linux64_2.0.0.202105311346/tools/bin/../lib/gcc/arm-none-eabi/9.3.1/../../../../arm-none-eabi/lib/thumb/v7-m/nofp/libm.a(lib_a-wf_pow.o) (finitef)
/opt/st/stm32cubeide_1.8.0/plugins/com.st.stm32cube.ide.mcu.externaltools.gnu-tools-for-stm32.9-2020-q2-update.linux64_2.0.0.202105311346/tools/bin/../lib/gcc/arm-none-eabi/9.3.1/../../../../arm-none-eabi/lib/thumb/v7-m/nofp/libm.a(lib_a-sf_nan.o)
                              /opt/st/stm32cubeide_1.8.0/plugins/com.st.stm32cube.ide.mcu.externaltools.gnu-tools-for-stm32.9-2020-q2-update.linux64_2.0.0.202105311346/tools/bin/../lib/gcc/arm-none-eabi/9.3.1/../../../../arm-none-eabi/lib/thumb/v7-m/nofp/libm.a(lib_a-ef_pow.o) (nanf)
/opt/st/stm32cubeide_1.8.0/plugins/com.st.stm32cube.ide.mcu.externaltools.gnu-tools-for-stm32.9-2020-q2-update.linux64_2.0.0.202105311346/tools/bin/../lib/gcc/arm-none-eabi/9.3.1/../../../../arm-none-eabi/lib/thumb/v7-m/nofp/libm.a(lib_a-sf_rint.o)
[...]
Memory Configuration

Name             Origin             Length             Attributes
RAM              0x0000000020000000 0x0000000000005000 xrw
FLASH            0x0000000008000000 0x0000000000010000 xr
*default*        0x0000000000000000 0xffffffffffffffff

Linker script and memory map

LOAD /opt/st/stm32cubeide_1.8.0/plugins/com.st.stm32cube.ide.mcu.externaltools.gnu-tools-for-stm32.9-2020-q2-update.linux64_2.0.0.202105311346/tools/bin/../lib/gcc/arm-none-eabi/9.3.1/thumb/v7-m/nofp/crti.o
LOAD /opt/st/stm32cubeide_1.8.0/plugins/com.st.stm32cube.ide.mcu.externaltools.gnu-tools-for-stm32.9-2020-q2-update.linux64_2.0.0.202105311346/tools/bin/../lib/gcc/arm-none-eabi/9.3.1/thumb/v7-m/nofp/crtbegin.o
LOAD /opt/st/stm32cubeide_1.8.0/plugins/com.st.stm32cube.ide.mcu.externaltools.gnu-tools-for-stm32.9-2020-q2-update.linux64_2.0.0.202105311346/tools/bin/../lib/gcc/arm-none-eabi/9.3.1/../../../../arm-none-eabi/lib/thumb/v7-m/nofp/crt0.o
LOAD ./Core/Src/can.o
LOAD ./Core/Src/freertos.o
LOAD ./Core/Src/main.o
LOAD ./Core/Src/obd.o
LOAD ./Core/Src/screens.o
LOAD ./Core/Src/sleep.o
LOAD ./Core/Src/stm32f1xx_hal_msp.o
LOAD ./Core/Src/stm32f1xx_hal_timebase_tim.o
LOAD ./Core/Src/stm32f1xx_it.o
LOAD ./Core/Src/syscalls.o
LOAD ./Core/Src/sysmem.o
LOAD ./Core/Src/system_stm32f1xx.o
LOAD ./Core/Src/usart.o
LOAD ./Core/Startup/startup_stm32f103c8tx.o
LOAD ./Core/disp/bitmaps.o
LOAD ./Core/disp/disp.o
LOAD ./Core/disp/fonts.o
LOAD ./Drivers/STM32F1xx_HAL_Driver/Src/stm32f1xx_hal.o
LOAD ./Drivers/STM32F1xx_HAL_Driver/Src/stm32f1xx_hal_can.o
LOAD ./Drivers/STM32F1xx_HAL_Driver/Src/stm32f1xx_hal_cortex.o
LOAD ./Drivers/STM32F1xx_HAL_Driver/Src/stm32f1xx_hal_dma.o
LOAD ./Drivers/STM32F1xx_HAL_Driver/Src/stm32f1xx_hal_exti.o
LOAD ./Drivers/STM32F1xx_HAL_Driver/Src/stm32f1xx_hal_flash.o
LOAD ./Drivers/STM32F1xx_HAL_Driver/Src/stm32f1xx_hal_flash_ex.o
LOAD ./Drivers/STM32F1xx_HAL_Driver/Src/stm32f1xx_hal_gpio.o
LOAD ./Drivers/STM32F1xx_HAL_Driver/Src/stm32f1xx_hal_gpio_ex.o
LOAD ./Drivers/STM32F1xx_HAL_Driver/Src/stm32f1xx_hal_i2c.o
LOAD ./Drivers/STM32F1xx_HAL_Driver/Src/stm32f1xx_hal_pwr.o
LOAD ./Drivers/STM32F1xx_HAL_Driver/Src/stm32f1xx_hal_rcc.o
LOAD ./Drivers/STM32F1xx_HAL_Driver/Src/stm32f1xx_hal_rcc_ex.o
LOAD ./Drivers/STM32F1xx_HAL_Driver/Src/stm32f1xx_hal_spi.o
LOAD ./Drivers/STM32F1xx_HAL_Driver/Src/stm32f1xx_hal_tim.o
LOAD ./Drivers/STM32F1xx_HAL_Driver/Src/stm32f1xx_hal_tim_ex.o
LOAD ./Drivers/STM32F1xx_HAL_Driver/Src/stm32f1xx_hal_uart.o
LOAD ./Middlewares/Third_Party/FreeRTOS/Source/CMSIS_RTOS/cmsis_os.o
LOAD ./Middlewares/Third_Party/FreeRTOS/Source/croutine.o
LOAD ./Middlewares/Third_Party/FreeRTOS/Source/event_groups.o
LOAD ./Middlewares/Third_Party/FreeRTOS/Source/list.o
LOAD ./Middlewares/Third_Party/FreeRTOS/Source/queue.o
LOAD ./Middlewares/Third_Party/FreeRTOS/Source/stream_buffer.o
LOAD ./Middlewares/Third_Party/FreeRTOS/Source/tasks.o
LOAD ./Middlewares/Third_Party/FreeRTOS/Source/timers.o
LOAD ./Middlewares/Third_Party/FreeRTOS/Source/portable/GCC/ARM_CM3/port.o
LOAD ./Middlewares/Third_Party/FreeRTOS/Source/portable/MemMang/heap_4.o
START GROUP
LOAD /opt/st/stm32cubeide_1.8.0/plugins/com.st.stm32cube.ide.mcu.externaltools.gnu-tools-for-stm32.9-2020-q2-update.linux64_2.0.0.202105311346/tools/bin/../lib/gcc/arm-none-eabi/9.3.1/../../../../arm-none-eabi/lib/thumb/v7-m/nofp/libstdc++_nano.a
LOAD /opt/st/stm32cubeide_1.8.0/plugins/com.st.stm32cube.ide.mcu.externaltools.gnu-tools-for-stm32.9-2020-q2-update.linux64_2.0.0.202105311346/tools/bin/../lib/gcc/arm-none-eabi/9.3.1/../../../../arm-none-eabi/lib/thumb/v7-m/nofp/libsupc++_nano.a
END GROUP
LOAD /opt/st/stm32cubeide_1.8.0/plugins/com.st.stm32cube.ide.mcu.externaltools.gnu-tools-for-stm32.9-2020-q2-update.linux64_2.0.0.202105311346/tools/bin/../lib/gcc/arm-none-eabi/9.3.1/../../../../arm-none-eabi/lib/thumb/v7-m/nofp/libstdc++_nano.a
LOAD /opt/st/stm32cubeide_1.8.0/plugins/com.st.stm32cube.ide.mcu.externaltools.gnu-tools-for-stm32.9-2020-q2-update.linux64_2.0.0.202105311346/tools/bin/../lib/gcc/arm-none-eabi/9.3.1/../../../../arm-none-eabi/lib/thumb/v7-m/nofp/libm.a
LOAD /opt/st/stm32cubeide_1.8.0/plugins/com.st.stm32cube.ide.mcu.externaltools.gnu-tools-for-stm32.9-2020-q2-update.linux64_2.0.0.202105311346/tools/bin/../lib/gcc/arm-none-eabi/9.3.1/../../../../arm-none-eabi/lib/thumb/v7-m/nofp/libc_nano.a
START GROUP
LOAD /opt/st/stm32cubeide_1.8.0/plugins/com.st.stm32cube.ide.mcu.externaltools.gnu-tools-for-stm32.9-2020-q2-update.linux64_2.0.0.202105311346/tools/bin/../lib/gcc/arm-none-eabi/9.3.1/thumb/v7-m/nofp/libgcc.a
LOAD /opt/st/stm32cubeide_1.8.0/plugins/com.st.stm32cube.ide.mcu.externaltools.gnu-tools-for-stm32.9-2020-q2-update.linux64_2.0.0.202105311346/tools/bin/../lib/gcc/arm-none-eabi/9.3.1/../../../../arm-none-eabi/lib/thumb/v7-m/nofp/libc_nano.a
END GROUP
START GROUP
LOAD /opt/st/stm32cubeide_1.8.0/plugins/com.st.stm32cube.ide.mcu.externaltools.gnu-tools-for-stm32.9-2020-q2-update.linux64_2.0.0.202105311346/tools/bin/../lib/gcc/arm-none-eabi/9.3.1/thumb/v7-m/nofp/libgcc.a
LOAD /opt/st/stm32cubeide_1.8.0/plugins/com.st.stm32cube.ide.mcu.externaltools.gnu-tools-for-stm32.9-2020-q2-update.linux64_2.0.0.202105311346/tools/bin/../lib/gcc/arm-none-eabi/9.3.1/../../../../arm-none-eabi/lib/thumb/v7-m/nofp/libc_nano.a
LOAD /opt/st/stm32cubeide_1.8.0/plugins/com.st.stm32cube.ide.mcu.externaltools.gnu-tools-for-stm32.9-2020-q2-update.linux64_2.0.0.202105311346/tools/bin/../lib/gcc/arm-none-eabi/9.3.1/../../../../arm-none-eabi/lib/thumb/v7-m/nofp/libnosys.a
END GROUP
START GROUP
LOAD /opt/st/stm32cubeide_1.8.0/plugins/com.st.stm32cube.ide.mcu.externaltools.gnu-tools-for-stm32.9-2020-q2-update.linux64_2.0.0.202105311346/tools/bin/../lib/gcc/arm-none-eabi/9.3.1/thumb/v7-m/nofp/libgcc.a
LOAD /opt/st/stm32cubeide_1.8.0/plugins/com.st.stm32cube.ide.mcu.externaltools.gnu-tools-for-stm32.9-2020-q2-update.linux64_2.0.0.202105311346/tools/bin/../lib/gcc/arm-none-eabi/9.3.1/../../../../arm-none-eabi/lib/thumb/v7-m/nofp/libc_nano.a
LOAD /opt/st/stm32cubeide_1.8.0/plugins/com.st.stm32cube.ide.mcu.externaltools.gnu-tools-for-stm32.9-2020-q2-update.linux64_2.0.0.202105311346/tools/bin/../lib/gcc/arm-none-eabi/9.3.1/../../../../arm-none-eabi/lib/thumb/v7-m/nofp/libnosys.a
END GROUP
LOAD /opt/st/stm32cubeide_1.8.0/plugins/com.st.stm32cube.ide.mcu.externaltools.gnu-tools-for-stm32.9-2020-q2-update.linux64_2.0.0.202105311346/tools/bin/../lib/gcc/arm-none-eabi/9.3.1/thumb/v7-m/nofp/crtend.o
LOAD /opt/st/stm32cubeide_1.8.0/plugins/com.st.stm32cube.ide.mcu.externaltools.gnu-tools-for-stm32.9-2020-q2-update.linux64_2.0.0.202105311346/tools/bin/../lib/gcc/arm-none-eabi/9.3.1/thumb/v7-m/nofp/crtn.o
                0x0000000020005000                _estack = (ORIGIN (RAM) + LENGTH (RAM))
                0x0000000000000200                _Min_Heap_Size = 0x200
                0x0000000000000400                _Min_Stack_Size = 0x400

.isr_vector     0x0000000008000000      0x10c
                0x0000000008000000                . = ALIGN (0x4)
 *(.isr_vector)
 .isr_vector    0x0000000008000000      0x10c ./Core/Startup/startup_stm32f103c8tx.o
                0x0000000008000000                g_pfnVectors
                0x000000000800010c                . = ALIGN (0x4)

.text           0x0000000008000110     0x9c54
                0x0000000008000110                . = ALIGN (0x4)
 *(.text)
 .text          0x0000000008000110       0x40 /opt/st/stm32cubeide_1.8.0/plugins/com.st.stm32cube.ide.mcu.externaltools.gnu-tools-for-stm32.9-2020-q2-update.linux64_2.0.0.202105311346/tools/bin/../lib/gcc/arm-none-eabi/9.3.1/thumb/v7-m/nofp/crtbegin.o
 .text          0x0000000008000150       0x10 /opt/st/stm32cubeide_1.8.0/plugins/com.st.stm32cube.ide.mcu.externaltools.gnu-tools-for-stm32.9-2020-q2-update.linux64_2.0.0.202105311346/tools/bin/../lib/gcc/arm-none-eabi/9.3.1/../../../../arm-none-eabi/lib/thumb/v7-m/nofp/libc_nano.a(lib_a-strlen.o)
                0x0000000008000150                strlen
 .text          0x0000000008000160      0x21c /opt/st/stm32cubeide_1.8.0/plugins/com.st.stm32cube.ide.mcu.externaltools.gnu-tools-for-stm32.9-2020-q2-update.linux64_2.0.0.202105311346/tools/bin/../lib/gcc/arm-none-eabi/9.3.1/thumb/v7-m/nofp/libgcc.a(_arm_addsubsf3.o)
                0x0000000008000160                __aeabi_frsub
                0x0000000008000168                __subsf3
                0x0000000008000168                __aeabi_fsub
                0x000000000800016c                __aeabi_fadd
                0x000000000800016c                __addsf3
                0x00000000080002cc                __aeabi_ui2f
                0x00000000080002cc                __floatunsisf
                0x00000000080002d4                __aeabi_i2f
                0x00000000080002d4                __floatsisf
                0x00000000080002f0                __floatundisf
                0x00000000080002f0                __aeabi_ul2f
                0x0000000008000300                __floatdisf
                0x0000000008000300                __aeabi_l2f
 .text          0x000000000800037c      0x2a0 /opt/st/stm32cubeide_1.8.0/plugins/com.st.stm32cube.ide.mcu.externaltools.gnu-tools-for-stm32.9-2020-q2-update.linux64_2.0.0.202105311346/tools/bin/../lib/gcc/arm-none-eabi/9.3.1/thumb/v7-m/nofp/libgcc.a(_arm_muldivsf3.o)
                0x000000000800037c                __mulsf3
                0x000000000800037c                __aeabi_fmul
                0x00000000080004e4                __divsf3
                0x00000000080004e4                __aeabi_fdiv
 .text          0x000000000800061c       0xec /opt/st/stm32cubeide_1.8.0/plugins/com.st.stm32cube.ide.mcu.externaltools.gnu-tools-for-stm32.9-2020-q2-update.linux64_2.0.0.202105311346/tools/bin/../lib/gcc/arm-none-eabi/9.3.1/thumb/v7-m/nofp/libgcc.a(_arm_cmpsf2.o)
                0x000000000800061c                __gtsf2
                0x000000000800061c                __gesf2
                0x0000000008000624                __lesf2
                0x0000000008000624                __ltsf2
                0x000000000800062c                __nesf2
                0x000000000800062c                __eqsf2
                0x000000000800062c                __cmpsf2
                0x000000000800068c                __aeabi_cfrcmple
                0x0000000008000694                __aeabi_cfcmple
                0x0000000008000694                __aeabi_cfcmpeq
                0x00000000080006a4                __aeabi_fcmpeq
                0x00000000080006b8                __aeabi_fcmplt
                0x00000000080006cc                __aeabi_fcmple
                0x00000000080006e0                __aeabi_fcmpge
                0x00000000080006f4                __aeabi_fcmpgt
 .text          0x0000000008000708       0x2c /opt/st/stm32cubeide_1.8.0/plugins/com.st.stm32cube.ide.mcu.externaltools.gnu-tools-for-stm32.9-2020-q2-update.linux64_2.0.0.202105311346/tools/bin/../lib/gcc/arm-none-eabi/9.3.1/thumb/v7-m/nofp/libgcc.a(_arm_unordsf2.o)
                0x0000000008000708                __aeabi_fcmpun
                0x0000000008000708                __unordsf2
 .text          0x0000000008000734       0x40 /opt/st/stm32cubeide_1.8.0/plugins/com.st.stm32cube.ide.mcu.externaltools.gnu-tools-for-stm32.9-2020-q2-update.linux64_2.0.0.202105311346/tools/bin/../lib/gcc/arm-none-eabi/9.3.1/thumb/v7-m/nofp/libgcc.a(_arm_fixunssfsi.o)
                0x0000000008000734                __aeabi_f2uiz
                0x0000000008000734                __fixunssfsi
 *(.text*)
 .text._Z8CAN_SendPhhm
                0x0000000008000774       0x40 ./Core/Src/can.o
                0x0000000008000774                CAN_Send(unsigned char*, unsigned char, unsigned long)
 .text._Z9CAN_Sleepv
                0x00000000080007b4       0x4c ./Core/Src/can.o
                0x00000000080007b4                CAN_Sleep()
 .text._Z10CAN_Resumev
                0x0000000008000800       0x44 ./Core/Src/can.o
                0x0000000008000800                CAN_Resume()
 .text.vApplicationGetIdleTaskMemory
                0x0000000008000844       0x30 ./Core/Src/freertos.o
                0x0000000008000844                vApplicationGetIdleTaskMemory
 .text.main     0x0000000008000874       0xd8 ./Core/Src/main.o
                0x0000000008000874                main
 .text._Z18SystemClock_Configv
                0x000000000800094c       0x9e ./Core/Src/main.o
                0x000000000800094c                SystemClock_Config()
 *fill*         0x00000000080009ea        0x2 
 .text._ZL11MX_CAN_Initv
                0x00000000080009ec      0x144 ./Core/Src/main.o
 .text._ZL12MX_I2C1_Initv
                0x0000000008000b30       0x68 ./Core/Src/main.o
 .text._ZL12MX_SPI1_Initv
                0x0000000008000b98       0x78 ./Core/Src/main.o
 .text._ZL12MX_TIM2_Initv
                0x0000000008000c10       0xb8 ./Core/Src/main.o
 .text._ZL19MX_USART1_UART_Initv
                0x0000000008000cc8       0x60 ./Core/Src/main.o
 .text._ZL12MX_GPIO_Initv
                0x0000000008000d28      0x110 ./Core/Src/main.o
 .text._Z15StartScreenTaskPKv
                0x0000000008000e38       0x34 ./Core/Src/main.o
                0x0000000008000e38                StartScreenTask(void const*)
 .text._Z12StartCANTaskPKv
                0x0000000008000e6c      0x100 ./Core/Src/main.o
                0x0000000008000e6c                StartCANTask(void const*)
 .text.HAL_TIM_PeriodElapsedCallback
                0x0000000008000f6c       0x24 ./Core/Src/main.o
                0x0000000008000f6c                HAL_TIM_PeriodElapsedCallback
 .text.Error_Handler
                0x0000000008000f90        0xc ./Core/Src/main.o
                0x0000000008000f90                Error_Handler
 .text._Z12HandleOBDMsg19CAN_RxHeaderTypeDefPh
                0x0000000008000f9c      0x2b4 ./Core/Src/obd.o
                0x0000000008000f9c                HandleOBDMsg(CAN_RxHeaderTypeDef, unsigned char*)
 .text._Z10RequestOBDv
                0x0000000008001250       0x34 ./Core/Src/obd.o
                0x0000000008001250                RequestOBD()
 .text._Z11CalcAvgEcont
                0x0000000008001284       0x88 ./Core/Src/obd.o
                0x0000000008001284                CalcAvgEcon(unsigned short)
 .text._ZN10ScreenItem4hideEv
                0x000000000800130c       0x20 ./Core/Src/screens.o
                0x000000000800130c                ScreenItem::hide()
 .text._ZN10ScreenItem4showEv
                0x000000000800132c       0x20 ./Core/Src/screens.o
                0x000000000800132c                ScreenItem::show()
 .text._ZN10ScreenItem7blinkNoEv
                0x000000000800134c       0x2e ./Core/Src/screens.o
                0x000000000800134c                ScreenItem::blinkNo()
 .text._ZN10ScreenItem9blinkSlowEv
                0x000000000800137a       0x2e ./Core/Src/screens.o
                0x000000000800137a                ScreenItem::blinkSlow()
 .text._ZN10ScreenItem9blinkFastEv
                0x00000000080013a8       0x2e ./Core/Src/screens.o
                0x00000000080013a8                ScreenItem::blinkFast()
 .text._ZN10ScreenItem4beepEv
                0x00000000080013d6       0x20 ./Core/Src/screens.o
                0x00000000080013d6                ScreenItem::beep()
 .text._ZN10ScreenItem6beepNoEv
                0x00000000080013f6       0x20 ./Core/Src/screens.o
                0x00000000080013f6                ScreenItem::beepNo()
 .text._ZN10ScreenItem8DrawItemEv
                0x0000000008001416       0x12 ./Core/Src/screens.o
                0x0000000008001416                ScreenItem::DrawItem()
 .text._Z10InitScreenv
                0x0000000008001428       0x44 ./Core/Src/screens.o
                0x0000000008001428                InitScreen()
 .text._Z12SwitchScreenh
                0x000000000800146c       0x6c ./Core/Src/screens.o
                0x000000000800146c                SwitchScreen(unsigned char)
 .text._Z8ByScreenv
                0x00000000080014d8        0xe ./Core/Src/screens.o
                0x00000000080014d8                ByScreen()
 *fill*         0x00000000080014e6        0x2 
 .text._Z11FormatItemsv
                0x00000000080014e8      0x160 ./Core/Src/screens.o
                0x00000000080014e8                FormatItems()
 .text._Z12UpdateScreenv
                0x0000000008001648      0x114 ./Core/Src/screens.o
                0x0000000008001648                UpdateScreen()
 .text._Z11DisplayInitv
                0x000000000800175c        0xc ./Core/Src/screens.o
                0x000000000800175c                DisplayInit()
 .text._Z11WriteStringttPKchh
                0x0000000008001768       0x30 ./Core/Src/screens.o
                0x0000000008001768                WriteString(unsigned short, unsigned short, char const*, unsigned char, unsigned char)
 .text._Z10DrawBitmaphhP9BitmapDefh
                0x0000000008001798       0x30 ./Core/Src/screens.o
                0x0000000008001798                DrawBitmap(unsigned char, unsigned char, BitmapDef*, unsigned char)
 .text._Z8ClearScrv
                0x00000000080017c8        0xe ./Core/Src/screens.o
                0x00000000080017c8                ClearScr()
 .text._Z10StandbyScrv
                0x00000000080017d6        0xc ./Core/Src/screens.o
                0x00000000080017d6                StandbyScr()
 .text._Z9ResumeScrv
                0x00000000080017e2        0xc ./Core/Src/screens.o
                0x00000000080017e2                ResumeScr()
 .text._Z8SetBklitt
                0x00000000080017ee       0x1a ./Core/Src/screens.o
                0x00000000080017ee                SetBklit(unsigned short)
 .text._ZN10ScreenItemC2Ev
                0x0000000008001808       0x3c ./Core/Src/screens.o
                0x0000000008001808                ScreenItem::ScreenItem()
                0x0000000008001808                ScreenItem::ScreenItem()
 .text._ZN10IntNumItemC2EPshhhhh
                0x0000000008001844       0x60 ./Core/Src/screens.o
                0x0000000008001844                IntNumItem::IntNumItem(short*, unsigned char, unsigned char, unsigned char, unsigned char, unsigned char)
                0x0000000008001844                IntNumItem::IntNumItem(short*, unsigned char, unsigned char, unsigned char, unsigned char, unsigned char)
 .text._ZN10IntNumItem8DrawItemEv
                0x00000000080018a4       0x46 ./Core/Src/screens.o
                0x00000000080018a4                IntNumItem::DrawItem()
 *fill*         0x00000000080018ea        0x2 
 .text._ZN11RealNumItemC2EPlhhhhhh
                0x00000000080018ec       0x6c ./Core/Src/screens.o
                0x00000000080018ec                RealNumItem::RealNumItem(long*, unsigned char, unsigned char, unsigned char, unsigned char, unsigned char, unsigned char)
                0x00000000080018ec                RealNumItem::RealNumItem(long*, unsigned char, unsigned char, unsigned char, unsigned char, unsigned char, unsigned char)
 .text._ZN11RealNumItem8DrawItemEv
                0x0000000008001958       0xd8 ./Core/Src/screens.o
                0x0000000008001958                RealNumItem::DrawItem()
 .text._ZN8TextItemC2EPchhhh
                0x0000000008001a30       0x50 ./Core/Src/screens.o
                0x0000000008001a30                TextItem::TextItem(char*, unsigned char, unsigned char, unsigned char, unsigned char)
                0x0000000008001a30                TextItem::TextItem(char*, unsigned char, unsigned char, unsigned char, unsigned char)
 .text._ZN8TextItem8DrawItemEv
                0x0000000008001a80       0x30 ./Core/Src/screens.o
                0x0000000008001a80                TextItem::DrawItem()
 .text._ZN10BitmapItemC2EP9BitmapDefhhh
                0x0000000008001ab0       0x4c ./Core/Src/screens.o
                0x0000000008001ab0                BitmapItem::BitmapItem(BitmapDef*, unsigned char, unsigned char, unsigned char)
                0x0000000008001ab0                BitmapItem::BitmapItem(BitmapDef*, unsigned char, unsigned char, unsigned char)
 .text._ZN10BitmapItem8DrawItemEv
                0x0000000008001afc       0x24 ./Core/Src/screens.o
                0x0000000008001afc                BitmapItem::DrawItem()
 .text._Z41__static_initialization_and_destruction_0ii
                0x0000000008001b20      0x304 ./Core/Src/screens.o
 .text._GLOBAL__sub_I_PrevScreen
                0x0000000008001e24       0x10 ./Core/Src/screens.o
 .text._Z9GotoSleepv
                0x0000000008001e34       0xb8 ./Core/Src/sleep.o
                0x0000000008001e34                GotoSleep()
 .text._Z15ResumeFromSleepv
                0x0000000008001eec       0x48 ./Core/Src/sleep.o
                0x0000000008001eec                ResumeFromSleep()
 .text.HAL_MspInit
                0x0000000008001f34       0x70 ./Core/Src/stm32f1xx_hal_msp.o
                0x0000000008001f34                HAL_MspInit
 .text.HAL_CAN_MspInit
                0x0000000008001fa4       0xc8 ./Core/Src/stm32f1xx_hal_msp.o
                0x0000000008001fa4                HAL_CAN_MspInit
 .text.HAL_I2C_MspInit
                0x000000000800206c       0x7c ./Core/Src/stm32f1xx_hal_msp.o
                0x000000000800206c                HAL_I2C_MspInit
 .text.HAL_SPI_MspInit
                0x00000000080020e8       0x8c ./Core/Src/stm32f1xx_hal_msp.o
                0x00000000080020e8                HAL_SPI_MspInit
 .text.HAL_TIM_Base_MspInit
                0x0000000008002174       0x70 ./Core/Src/stm32f1xx_hal_msp.o
                0x0000000008002174                HAL_TIM_Base_MspInit
 .text.HAL_UART_MspInit
                0x00000000080021e4       0xa8 ./Core/Src/stm32f1xx_hal_msp.o
                0x00000000080021e4                HAL_UART_MspInit
 .text.HAL_InitTick
                0x000000000800228c       0xac ./Core/Src/stm32f1xx_hal_timebase_tim.o
                0x000000000800228c                HAL_InitTick
 .text.HAL_SuspendTick
                0x0000000008002338       0x20 ./Core/Src/stm32f1xx_hal_timebase_tim.o
                0x0000000008002338                HAL_SuspendTick
 .text.HAL_ResumeTick
                0x0000000008002358       0x20 ./Core/Src/stm32f1xx_hal_timebase_tim.o
                0x0000000008002358                HAL_ResumeTick
 .text.NMI_Handler
                0x0000000008002378        0xc ./Core/Src/stm32f1xx_it.o
                0x0000000008002378                NMI_Handler
 .text.HardFault_Handler
                0x0000000008002384        0x6 ./Core/Src/stm32f1xx_it.o
                0x0000000008002384                HardFault_Handler
 .text.MemManage_Handler
                0x000000000800238a        0x6 ./Core/Src/stm32f1xx_it.o
                0x000000000800238a                MemManage_Handler
 .text.BusFault_Handler
                0x0000000008002390        0x6 ./Core/Src/stm32f1xx_it.o
                0x0000000008002390                BusFault_Handler
 .text.UsageFault_Handler
                0x0000000008002396        0x6 ./Core/Src/stm32f1xx_it.o
                0x0000000008002396                UsageFault_Handler
 .text.DebugMon_Handler
                0x000000000800239c        0xc ./Core/Src/stm32f1xx_it.o
                0x000000000800239c                DebugMon_Handler
 .text.USB_LP_CAN1_RX0_IRQHandler
                0x00000000080023a8       0x84 ./Core/Src/stm32f1xx_it.o
                0x00000000080023a8                USB_LP_CAN1_RX0_IRQHandler
 .text.CAN1_RX1_IRQHandler
                0x000000000800242c       0x88 ./Core/Src/stm32f1xx_it.o
                0x000000000800242c                CAN1_RX1_IRQHandler
 .text.CAN1_SCE_IRQHandler
                0x00000000080024b4       0x14 ./Core/Src/stm32f1xx_it.o
                0x00000000080024b4                CAN1_SCE_IRQHandler
 .text.TIM1_UP_IRQHandler
                0x00000000080024c8       0x14 ./Core/Src/stm32f1xx_it.o
                0x00000000080024c8                TIM1_UP_IRQHandler
 .text.TIM2_IRQHandler
                0x00000000080024dc       0x60 ./Core/Src/stm32f1xx_it.o
                0x00000000080024dc                TIM2_IRQHandler
 .text.SPI1_IRQHandler
                0x000000000800253c       0x14 ./Core/Src/stm32f1xx_it.o
                0x000000000800253c                SPI1_IRQHandler
 .text.USART1_IRQHandler
                0x0000000008002550       0x14 ./Core/Src/stm32f1xx_it.o
                0x0000000008002550                USART1_IRQHandler
 .text.EXTI15_10_IRQHandler
                0x0000000008002564       0x10 ./Core/Src/stm32f1xx_it.o
                0x0000000008002564                EXTI15_10_IRQHandler
 .text._getpid  0x0000000008002574        0xe ./Core/Src/syscalls.o
                0x0000000008002574                _getpid
 .text._kill    0x0000000008002582       0x20 ./Core/Src/syscalls.o
                0x0000000008002582                _kill
 .text._exit    0x00000000080025a2       0x14 ./Core/Src/syscalls.o
                0x00000000080025a2                _exit
 *fill*         0x00000000080025b6        0x2 
 .text._sbrk    0x00000000080025b8       0x6c ./Core/Src/sysmem.o
                0x00000000080025b8                _sbrk
 .text.SystemInit
                0x0000000008002624        0xc ./Core/Src/system_stm32f1xx.o
                0x0000000008002624                SystemInit
 .text._Z13UARTWait4Charv
                0x0000000008002630       0x1c ./Core/Src/usart.o
                0x0000000008002630                UARTWait4Char()
 .text.HAL_UART_RxCpltCallback
                0x000000000800264c       0x4c ./Core/Src/usart.o
                0x000000000800264c                HAL_UART_RxCpltCallback
 .text.Reset_Handler
                0x0000000008002698       0x48 ./Core/Startup/startup_stm32f103c8tx.o
                0x0000000008002698                Reset_Handler
 .text.Default_Handler
                0x00000000080026e0        0x2 ./Core/Startup/startup_stm32f103c8tx.o
                0x00000000080026e0                RTC_Alarm_IRQHandler
                0x00000000080026e0                EXTI2_IRQHandler
                0x00000000080026e0                TIM1_CC_IRQHandler
                0x00000000080026e0                PVD_IRQHandler
                0x00000000080026e0                EXTI3_IRQHandler
                0x00000000080026e0                EXTI0_IRQHandler
                0x00000000080026e0                I2C2_EV_IRQHandler
                0x00000000080026e0                ADC1_2_IRQHandler
                0x00000000080026e0                TAMPER_IRQHandler
                0x00000000080026e0                DMA1_Channel4_IRQHandler
                0x00000000080026e0                USART3_IRQHandler
                0x00000000080026e0                RTC_IRQHandler
                0x00000000080026e0                DMA1_Channel7_IRQHandler
                0x00000000080026e0                TIM4_IRQHandler
                0x00000000080026e0                I2C1_EV_IRQHandler
                0x00000000080026e0                DMA1_Channel6_IRQHandler
                0x00000000080026e0                TIM3_IRQHandler
                0x00000000080026e0                RCC_IRQHandler
                0x00000000080026e0                TIM1_TRG_COM_IRQHandler
                0x00000000080026e0                DMA1_Channel1_IRQHandler
                0x00000000080026e0                Default_Handler
                0x00000000080026e0                EXTI9_5_IRQHandler
                0x00000000080026e0                SPI2_IRQHandler
                0x00000000080026e0                DMA1_Channel5_IRQHandler
                0x00000000080026e0                EXTI4_IRQHandler
                0x00000000080026e0                USB_HP_CAN1_TX_IRQHandler
                0x00000000080026e0                DMA1_Channel3_IRQHandler
                0x00000000080026e0                WWDG_IRQHandler
                0x00000000080026e0                TIM1_BRK_IRQHandler
                0x00000000080026e0                EXTI1_IRQHandler
                0x00000000080026e0                USART2_IRQHandler
                0x00000000080026e0                I2C2_ER_IRQHandler
                0x00000000080026e0                DMA1_Channel2_IRQHandler
                0x00000000080026e0                FLASH_IRQHandler
                0x00000000080026e0                I2C1_ER_IRQHandler
                0x00000000080026e0                USBWakeUp_IRQHandler
 *fill*         0x00000000080026e2        0x2 
 .text._Z17DISP_WriteCommandh
                0x00000000080026e4       0x48 ./Core/disp/disp.o
                0x00000000080026e4                DISP_WriteCommand(unsigned char)
 .text._Z14DISP_WriteDataPhj
                0x000000000800272c       0x80 ./Core/disp/disp.o
                0x000000000800272c                DISP_WriteData(unsigned char*, unsigned int)
 .text._Z9DISP_Initv
                0x00000000080027ac       0xbc ./Core/disp/disp.o
                0x00000000080027ac                DISP_Init()
 .text._Z13DISP_ClearScrh
                0x0000000008002868       0x40 ./Core/disp/disp.o
                0x0000000008002868                DISP_ClearScr(unsigned char)
 .text._Z12DISP_Standbyv
                0x00000000080028a8        0xe ./Core/disp/disp.o
                0x00000000080028a8                DISP_Standby()
 .text._Z11DISP_Resumev
                0x00000000080028b6        0xe ./Core/disp/disp.o
                0x00000000080028b6                DISP_Resume()
 .text._Z10DISP_Bklitt
                0x00000000080028c4       0x14 ./Core/disp/disp.o
                0x00000000080028c4                DISP_Bklit(unsigned short)
 .text._Z16DISP_SetContrasth
                0x00000000080028d8       0x20 ./Core/disp/disp.o
                0x00000000080028d8                DISP_SetContrast(unsigned char)
 .text._Z15DISP_DrawBitmapttP9BitmapDeft
                0x00000000080028f8       0xf4 ./Core/disp/disp.o
                0x00000000080028f8                DISP_DrawBitmap(unsigned short, unsigned short, BitmapDef*, unsigned short)
 .text._Z13DISP_DrawCharttcP4Fonth
                0x00000000080029ec      0x160 ./Core/disp/disp.o
                0x00000000080029ec                DISP_DrawChar(unsigned short, unsigned short, char, Font*, unsigned char)
 .text._Z15DISP_DrawStringttPKchh
                0x0000000008002b4c      0x134 ./Core/disp/disp.o
                0x0000000008002b4c                DISP_DrawString(unsigned short, unsigned short, char const*, unsigned char, unsigned char)
 .text._Z12DISP_Refreshv
                0x0000000008002c80       0x18 ./Core/disp/disp.o
                0x0000000008002c80                DISP_Refresh()
 .text._Z41__static_initialization_and_destruction_0ii
                0x0000000008002c98       0xc0 ./Core/disp/disp.o
 .text._GLOBAL__sub_I_FontMedium
                0x0000000008002d58       0x10 ./Core/disp/disp.o
 .text._ZN4FontC2EhhhhPhS0_h
                0x0000000008002d68       0x50 ./Core/disp/fonts.o
                0x0000000008002d68                Font::Font(unsigned char, unsigned char, unsigned char, unsigned char, unsigned char*, unsigned char*, unsigned char)
                0x0000000008002d68                Font::Font(unsigned char, unsigned char, unsigned char, unsigned char, unsigned char*, unsigned char*, unsigned char)
 .text._ZN4Font8getWidthEh
                0x0000000008002db8       0x58 ./Core/disp/fonts.o
                0x0000000008002db8                Font::getWidth(unsigned char)
 .text._ZN4Font11getCharDataEh
                0x0000000008002e10       0x3a ./Core/disp/fonts.o
                0x0000000008002e10                Font::getCharData(unsigned char)
 .text._ZN4Font12getCharBytesEh
                0x0000000008002e4a       0x5e ./Core/disp/fonts.o
                0x0000000008002e4a                Font::getCharBytes(unsigned char)
 .text._ZN4Font7setCharEh
                0x0000000008002ea8       0xba ./Core/disp/fonts.o
                0x0000000008002ea8                Font::setChar(unsigned char)
 *fill*         0x0000000008002f62        0x2 
 .text.HAL_Init
                0x0000000008002f64       0x2c ./Drivers/STM32F1xx_HAL_Driver/Src/stm32f1xx_hal.o
                0x0000000008002f64                HAL_Init
 .text.HAL_IncTick
                0x0000000008002f90       0x24 ./Drivers/STM32F1xx_HAL_Driver/Src/stm32f1xx_hal.o
                0x0000000008002f90                HAL_IncTick
 .text.HAL_GetTick
                0x0000000008002fb4       0x14 ./Drivers/STM32F1xx_HAL_Driver/Src/stm32f1xx_hal.o
                0x0000000008002fb4                HAL_GetTick
 .text.HAL_Delay
                0x0000000008002fc8       0x48 ./Drivers/STM32F1xx_HAL_Driver/Src/stm32f1xx_hal.o
                0x0000000008002fc8                HAL_Delay
 .text.HAL_CAN_Init
                0x0000000008003010      0x1f6 ./Drivers/STM32F1xx_HAL_Driver/Src/stm32f1xx_hal_can.o
                0x0000000008003010                HAL_CAN_Init
 .text.HAL_CAN_ConfigFilter
                0x0000000008003206      0x192 ./Drivers/STM32F1xx_HAL_Driver/Src/stm32f1xx_hal_can.o
                0x0000000008003206                HAL_CAN_ConfigFilter
 .text.HAL_CAN_Start
                0x0000000008003398       0x88 ./Drivers/STM32F1xx_HAL_Driver/Src/stm32f1xx_hal_can.o
                0x0000000008003398                HAL_CAN_Start
 .text.HAL_CAN_AddTxMessage
                0x0000000008003420      0x1b4 ./Drivers/STM32F1xx_HAL_Driver/Src/stm32f1xx_hal_can.o
                0x0000000008003420                HAL_CAN_AddTxMessage
 .text.HAL_CAN_GetRxMessage
                0x00000000080035d4      0x222 ./Drivers/STM32F1xx_HAL_Driver/Src/stm32f1xx_hal_can.o
                0x00000000080035d4                HAL_CAN_GetRxMessage
 .text.HAL_CAN_ActivateNotification
                0x00000000080037f6       0x4a ./Drivers/STM32F1xx_HAL_Driver/Src/stm32f1xx_hal_can.o
                0x00000000080037f6                HAL_CAN_ActivateNotification
 .text.HAL_CAN_IRQHandler
                0x0000000008003840      0x36e ./Drivers/STM32F1xx_HAL_Driver/Src/stm32f1xx_hal_can.o
                0x0000000008003840                HAL_CAN_IRQHandler
 .text.HAL_CAN_TxMailbox0CompleteCallback
                0x0000000008003bae       0x12 ./Drivers/STM32F1xx_HAL_Driver/Src/stm32f1xx_hal_can.o
                0x0000000008003bae                HAL_CAN_TxMailbox0CompleteCallback
 .text.HAL_CAN_TxMailbox1CompleteCallback
                0x0000000008003bc0       0x12 ./Drivers/STM32F1xx_HAL_Driver/Src/stm32f1xx_hal_can.o
                0x0000000008003bc0                HAL_CAN_TxMailbox1CompleteCallback
 .text.HAL_CAN_TxMailbox2CompleteCallback
                0x0000000008003bd2       0x12 ./Drivers/STM32F1xx_HAL_Driver/Src/stm32f1xx_hal_can.o
                0x0000000008003bd2                HAL_CAN_TxMailbox2CompleteCallback
 .text.HAL_CAN_TxMailbox0AbortCallback
                0x0000000008003be4       0x12 ./Drivers/STM32F1xx_HAL_Driver/Src/stm32f1xx_hal_can.o
                0x0000000008003be4                HAL_CAN_TxMailbox0AbortCallback
 .text.HAL_CAN_TxMailbox1AbortCallback
                0x0000000008003bf6       0x12 ./Drivers/STM32F1xx_HAL_Driver/Src/stm32f1xx_hal_can.o
                0x0000000008003bf6                HAL_CAN_TxMailbox1AbortCallback
 .text.HAL_CAN_TxMailbox2AbortCallback
                0x0000000008003c08       0x12 ./Drivers/STM32F1xx_HAL_Driver/Src/stm32f1xx_hal_can.o
                0x0000000008003c08                HAL_CAN_TxMailbox2AbortCallback
 .text.HAL_CAN_RxFifo0MsgPendingCallback
                0x0000000008003c1a       0x12 ./Drivers/STM32F1xx_HAL_Driver/Src/stm32f1xx_hal_can.o
                0x0000000008003c1a                HAL_CAN_RxFifo0MsgPendingCallback
 .text.HAL_CAN_RxFifo0FullCallback
                0x0000000008003c2c       0x12 ./Drivers/STM32F1xx_HAL_Driver/Src/stm32f1xx_hal_can.o
                0x0000000008003c2c                HAL_CAN_RxFifo0FullCallback
 .text.HAL_CAN_RxFifo1MsgPendingCallback
                0x0000000008003c3e       0x12 ./Drivers/STM32F1xx_HAL_Driver/Src/stm32f1xx_hal_can.o
                0x0000000008003c3e                HAL_CAN_RxFifo1MsgPendingCallback
 .text.HAL_CAN_RxFifo1FullCallback
                0x0000000008003c50       0x12 ./Drivers/STM32F1xx_HAL_Driver/Src/stm32f1xx_hal_can.o
                0x0000000008003c50                HAL_CAN_RxFifo1FullCallback
 .text.HAL_CAN_SleepCallback
                0x0000000008003c62       0x12 ./Drivers/STM32F1xx_HAL_Driver/Src/stm32f1xx_hal_can.o
                0x0000000008003c62                HAL_CAN_SleepCallback
 .text.HAL_CAN_WakeUpFromRxMsgCallback
                0x0000000008003c74       0x12 ./Drivers/STM32F1xx_HAL_Driver/Src/stm32f1xx_hal_can.o
                0x0000000008003c74                HAL_CAN_WakeUpFromRxMsgCallback
 .text.HAL_CAN_ErrorCallback
                0x0000000008003c86       0x12 ./Drivers/STM32F1xx_HAL_Driver/Src/stm32f1xx_hal_can.o
                0x0000000008003c86                HAL_CAN_ErrorCallback
 .text.__NVIC_SetPriorityGrouping
                0x0000000008003c98       0x48 ./Drivers/STM32F1xx_HAL_Driver/Src/stm32f1xx_hal_cortex.o
 .text.__NVIC_GetPriorityGrouping
                0x0000000008003ce0       0x1c ./Drivers/STM32F1xx_HAL_Driver/Src/stm32f1xx_hal_cortex.o
 .text.__NVIC_EnableIRQ
                0x0000000008003cfc       0x38 ./Drivers/STM32F1xx_HAL_Driver/Src/stm32f1xx_hal_cortex.o
 .text.__NVIC_DisableIRQ
                0x0000000008003d34       0x48 ./Drivers/STM32F1xx_HAL_Driver/Src/stm32f1xx_hal_cortex.o
 .text.__NVIC_SetPriority
                0x0000000008003d7c       0x54 ./Drivers/STM32F1xx_HAL_Driver/Src/stm32f1xx_hal_cortex.o
 .text.NVIC_EncodePriority
                0x0000000008003dd0       0x64 ./Drivers/STM32F1xx_HAL_Driver/Src/stm32f1xx_hal_cortex.o
 .text.HAL_NVIC_SetPriorityGrouping
                0x0000000008003e34       0x16 ./Drivers/STM32F1xx_HAL_Driver/Src/stm32f1xx_hal_cortex.o
                0x0000000008003e34                HAL_NVIC_SetPriorityGrouping
 .text.HAL_NVIC_SetPriority
                0x0000000008003e4a       0x38 ./Drivers/STM32F1xx_HAL_Driver/Src/stm32f1xx_hal_cortex.o
                0x0000000008003e4a                HAL_NVIC_SetPriority
 .text.HAL_NVIC_EnableIRQ
                0x0000000008003e82       0x1c ./Drivers/STM32F1xx_HAL_Driver/Src/stm32f1xx_hal_cortex.o
                0x0000000008003e82                HAL_NVIC_EnableIRQ
 .text.HAL_NVIC_DisableIRQ
                0x0000000008003e9e       0x1c ./Drivers/STM32F1xx_HAL_Driver/Src/stm32f1xx_hal_cortex.o
                0x0000000008003e9e                HAL_NVIC_DisableIRQ
 .text.HAL_DMA_Abort
                0x0000000008003eba       0x74 ./Drivers/STM32F1xx_HAL_Driver/Src/stm32f1xx_hal_dma.o
                0x0000000008003eba                HAL_DMA_Abort
 *fill*         0x0000000008003f2e        0x2 
 .text.HAL_DMA_Abort_IT
                0x0000000008003f30       0xec ./Drivers/STM32F1xx_HAL_Driver/Src/stm32f1xx_hal_dma.o
                0x0000000008003f30                HAL_DMA_Abort_IT
 .text.HAL_EXTI_SetConfigLine
                0x000000000800401c      0x14c ./Drivers/STM32F1xx_HAL_Driver/Src/stm32f1xx_hal_exti.o
                0x000000000800401c                HAL_EXTI_SetConfigLine
 .text.HAL_EXTI_GetConfigLine
                0x0000000008004168       0xf0 ./Drivers/STM32F1xx_HAL_Driver/Src/stm32f1xx_hal_exti.o
                0x0000000008004168                HAL_EXTI_GetConfigLine
 .text.HAL_EXTI_GetHandle
                0x0000000008004258       0x26 ./Drivers/STM32F1xx_HAL_Driver/Src/stm32f1xx_hal_exti.o
                0x0000000008004258                HAL_EXTI_GetHandle
 *fill*         0x000000000800427e        0x2 
 .text.HAL_EXTI_ClearPending
                0x0000000008004280       0x30 ./Drivers/STM32F1xx_HAL_Driver/Src/stm32f1xx_hal_exti.o
                0x0000000008004280                HAL_EXTI_ClearPending
 .text.HAL_GPIO_Init
                0x00000000080042b0      0x308 ./Drivers/STM32F1xx_HAL_Driver/Src/stm32f1xx_hal_gpio.o
                0x00000000080042b0                HAL_GPIO_Init
 .text.HAL_GPIO_ReadPin
                0x00000000080045b8       0x2e ./Drivers/STM32F1xx_HAL_Driver/Src/stm32f1xx_hal_gpio.o
                0x00000000080045b8                HAL_GPIO_ReadPin
 .text.HAL_GPIO_WritePin
                0x00000000080045e6       0x30 ./Drivers/STM32F1xx_HAL_Driver/Src/stm32f1xx_hal_gpio.o
                0x00000000080045e6                HAL_GPIO_WritePin
 *fill*         0x0000000008004616        0x2 
 .text.HAL_GPIO_EXTI_IRQHandler
                0x0000000008004618       0x30 ./Drivers/STM32F1xx_HAL_Driver/Src/stm32f1xx_hal_gpio.o
                0x0000000008004618                HAL_GPIO_EXTI_IRQHandler
 .text.HAL_GPIO_EXTI_Callback
                0x0000000008004648       0x14 ./Drivers/STM32F1xx_HAL_Driver/Src/stm32f1xx_hal_gpio.o
                0x0000000008004648                HAL_GPIO_EXTI_Callback
 .text.HAL_I2C_Init
                0x000000000800465c      0x288 ./Drivers/STM32F1xx_HAL_Driver/Src/stm32f1xx_hal_i2c.o
                0x000000000800465c                HAL_I2C_Init
 .text.PWR_OverloadWfe
                0x00000000080048e4       0x10 ./Drivers/STM32F1xx_HAL_Driver/Src/stm32f1xx_hal_pwr.o
 .text.HAL_PWR_EnterSTOPMode
                0x00000000080048f4       0x64 ./Drivers/STM32F1xx_HAL_Driver/Src/stm32f1xx_hal_pwr.o
                0x00000000080048f4                HAL_PWR_EnterSTOPMode
 .text.HAL_RCC_OscConfig
                0x0000000008004958      0x500 ./Drivers/STM32F1xx_HAL_Driver/Src/stm32f1xx_hal_rcc.o
                0x0000000008004958                HAL_RCC_OscConfig
 .text.HAL_RCC_ClockConfig
                0x0000000008004e58      0x1d4 ./Drivers/STM32F1xx_HAL_Driver/Src/stm32f1xx_hal_rcc.o
                0x0000000008004e58                HAL_RCC_ClockConfig
 .text.HAL_RCC_GetSysClockFreq
                0x000000000800502c       0xc0 ./Drivers/STM32F1xx_HAL_Driver/Src/stm32f1xx_hal_rcc.o
                0x000000000800502c                HAL_RCC_GetSysClockFreq
 .text.HAL_RCC_GetHCLKFreq
                0x00000000080050ec       0x14 ./Drivers/STM32F1xx_HAL_Driver/Src/stm32f1xx_hal_rcc.o
                0x00000000080050ec                HAL_RCC_GetHCLKFreq
 .text.HAL_RCC_GetPCLK1Freq
                0x0000000008005100       0x28 ./Drivers/STM32F1xx_HAL_Driver/Src/stm32f1xx_hal_rcc.o
                0x0000000008005100                HAL_RCC_GetPCLK1Freq
 .text.HAL_RCC_GetPCLK2Freq
                0x0000000008005128       0x28 ./Drivers/STM32F1xx_HAL_Driver/Src/stm32f1xx_hal_rcc.o
                0x0000000008005128                HAL_RCC_GetPCLK2Freq
 .text.HAL_RCC_GetClockConfig
                0x0000000008005150       0x60 ./Drivers/STM32F1xx_HAL_Driver/Src/stm32f1xx_hal_rcc.o
                0x0000000008005150                HAL_RCC_GetClockConfig
 .text.RCC_Delay
                0x00000000080051b0       0x3c ./Drivers/STM32F1xx_HAL_Driver/Src/stm32f1xx_hal_rcc.o
 .text.HAL_SPI_Init
                0x00000000080051ec      0x108 ./Drivers/STM32F1xx_HAL_Driver/Src/stm32f1xx_hal_spi.o
                0x00000000080051ec                HAL_SPI_Init
 .text.HAL_SPI_Transmit
                0x00000000080052f4      0x278 ./Drivers/STM32F1xx_HAL_Driver/Src/stm32f1xx_hal_spi.o
                0x00000000080052f4                HAL_SPI_Transmit
 .text.HAL_SPI_Transmit_IT
                0x000000000800556c      0x114 ./Drivers/STM32F1xx_HAL_Driver/Src/stm32f1xx_hal_spi.o
                0x000000000800556c                HAL_SPI_Transmit_IT
 .text.HAL_SPI_IRQHandler
                0x0000000008005680      0x1cc ./Drivers/STM32F1xx_HAL_Driver/Src/stm32f1xx_hal_spi.o
                0x0000000008005680                HAL_SPI_IRQHandler
 .text.HAL_SPI_TxCpltCallback
                0x000000000800584c       0x12 ./Drivers/STM32F1xx_HAL_Driver/Src/stm32f1xx_hal_spi.o
                0x000000000800584c                HAL_SPI_TxCpltCallback
 .text.HAL_SPI_ErrorCallback
                0x000000000800585e       0x12 ./Drivers/STM32F1xx_HAL_Driver/Src/stm32f1xx_hal_spi.o
                0x000000000800585e                HAL_SPI_ErrorCallback
 .text.SPI_DMAAbortOnError
                0x0000000008005870       0x28 ./Drivers/STM32F1xx_HAL_Driver/Src/stm32f1xx_hal_spi.o
 .text.SPI_TxISR_8BIT
                0x0000000008005898       0x46 ./Drivers/STM32F1xx_HAL_Driver/Src/stm32f1xx_hal_spi.o
 .text.SPI_TxISR_16BIT
                0x00000000080058de       0x44 ./Drivers/STM32F1xx_HAL_Driver/Src/stm32f1xx_hal_spi.o
 *fill*         0x0000000008005922        0x2 
 .text.SPI_WaitFlagStateUntilTimeout
                0x0000000008005924      0x110 ./Drivers/STM32F1xx_HAL_Driver/Src/stm32f1xx_hal_spi.o
 .text.SPI_EndRxTxTransaction
                0x0000000008005a34       0x3c ./Drivers/STM32F1xx_HAL_Driver/Src/stm32f1xx_hal_spi.o
 .text.SPI_CloseTx_ISR
                0x0000000008005a70       0xc4 ./Drivers/STM32F1xx_HAL_Driver/Src/stm32f1xx_hal_spi.o
 .text.HAL_TIM_Base_Init
                0x0000000008005b34       0x9e ./Drivers/STM32F1xx_HAL_Driver/Src/stm32f1xx_hal_tim.o
                0x0000000008005b34                HAL_TIM_Base_Init
 *fill*         0x0000000008005bd2        0x2 
 .text.HAL_TIM_Base_Start_IT
                0x0000000008005bd4       0xa4 ./Drivers/STM32F1xx_HAL_Driver/Src/stm32f1xx_hal_tim.o
                0x0000000008005bd4                HAL_TIM_Base_Start_IT
 .text.HAL_TIM_PWM_Start
                0x0000000008005c78      0x144 ./Drivers/STM32F1xx_HAL_Driver/Src/stm32f1xx_hal_tim.o
                0x0000000008005c78                HAL_TIM_PWM_Start
 .text.HAL_TIM_IRQHandler
                0x0000000008005dbc      0x210 ./Drivers/STM32F1xx_HAL_Driver/Src/stm32f1xx_hal_tim.o
                0x0000000008005dbc                HAL_TIM_IRQHandler
 .text.HAL_TIM_ConfigClockSource
                0x0000000008005fcc      0x188 ./Drivers/STM32F1xx_HAL_Driver/Src/stm32f1xx_hal_tim.o
                0x0000000008005fcc                HAL_TIM_ConfigClockSource
 .text.HAL_TIM_OC_DelayElapsedCallback
                0x0000000008006154       0x12 ./Drivers/STM32F1xx_HAL_Driver/Src/stm32f1xx_hal_tim.o
                0x0000000008006154                HAL_TIM_OC_DelayElapsedCallback
 .text.HAL_TIM_IC_CaptureCallback
                0x0000000008006166       0x12 ./Drivers/STM32F1xx_HAL_Driver/Src/stm32f1xx_hal_tim.o
                0x0000000008006166                HAL_TIM_IC_CaptureCallback
 .text.HAL_TIM_PWM_PulseFinishedCallback
                0x0000000008006178       0x12 ./Drivers/STM32F1xx_HAL_Driver/Src/stm32f1xx_hal_tim.o
                0x0000000008006178                HAL_TIM_PWM_PulseFinishedCallback
 .text.HAL_TIM_TriggerCallback
                0x000000000800618a       0x12 ./Drivers/STM32F1xx_HAL_Driver/Src/stm32f1xx_hal_tim.o
                0x000000000800618a                HAL_TIM_TriggerCallback
 .text.TIM_Base_SetConfig
                0x000000000800619c       0xc4 ./Drivers/STM32F1xx_HAL_Driver/Src/stm32f1xx_hal_tim.o
                0x000000000800619c                TIM_Base_SetConfig
 .text.TIM_TI1_ConfigInputStage
                0x0000000008006260       0x5c ./Drivers/STM32F1xx_HAL_Driver/Src/stm32f1xx_hal_tim.o
 .text.TIM_TI2_ConfigInputStage
                0x00000000080062bc       0x5e ./Drivers/STM32F1xx_HAL_Driver/Src/stm32f1xx_hal_tim.o
 .text.TIM_ITRx_SetConfig
                0x000000000800631a       0x34 ./Drivers/STM32F1xx_HAL_Driver/Src/stm32f1xx_hal_tim.o
 .text.TIM_ETR_SetConfig
                0x000000000800634e       0x3e ./Drivers/STM32F1xx_HAL_Driver/Src/stm32f1xx_hal_tim.o
                0x000000000800634e                TIM_ETR_SetConfig
 .text.TIM_CCxChannelCmd
                0x000000000800638c       0x48 ./Drivers/STM32F1xx_HAL_Driver/Src/stm32f1xx_hal_tim.o
                0x000000000800638c                TIM_CCxChannelCmd
 .text.HAL_TIMEx_MasterConfigSynchronization
                0x00000000080063d4       0xbc ./Drivers/STM32F1xx_HAL_Driver/Src/stm32f1xx_hal_tim_ex.o
                0x00000000080063d4                HAL_TIMEx_MasterConfigSynchronization
 .text.HAL_TIMEx_CommutCallback
                0x0000000008006490       0x12 ./Drivers/STM32F1xx_HAL_Driver/Src/stm32f1xx_hal_tim_ex.o
                0x0000000008006490                HAL_TIMEx_CommutCallback
 .text.HAL_TIMEx_BreakCallback
                0x00000000080064a2       0x12 ./Drivers/STM32F1xx_HAL_Driver/Src/stm32f1xx_hal_tim_ex.o
                0x00000000080064a2                HAL_TIMEx_BreakCallback
 .text.HAL_UART_Init
                0x00000000080064b4       0x9a ./Drivers/STM32F1xx_HAL_Driver/Src/stm32f1xx_hal_uart.o
                0x00000000080064b4                HAL_UART_Init
 .text.HAL_UART_Receive_IT
                0x000000000800654e       0x60 ./Drivers/STM32F1xx_HAL_Driver/Src/stm32f1xx_hal_uart.o
                0x000000000800654e                HAL_UART_Receive_IT
 *fill*         0x00000000080065ae        0x2 
 .text.HAL_UART_IRQHandler
                0x00000000080065b0      0x354 ./Drivers/STM32F1xx_HAL_Driver/Src/stm32f1xx_hal_uart.o
                0x00000000080065b0                HAL_UART_IRQHandler
 .text.HAL_UART_TxCpltCallback
                0x0000000008006904       0x12 ./Drivers/STM32F1xx_HAL_Driver/Src/stm32f1xx_hal_uart.o
                0x0000000008006904                HAL_UART_TxCpltCallback
 .text.HAL_UART_ErrorCallback
                0x0000000008006916       0x12 ./Drivers/STM32F1xx_HAL_Driver/Src/stm32f1xx_hal_uart.o
                0x0000000008006916                HAL_UART_ErrorCallback
 .text.HAL_UARTEx_RxEventCallback
                0x0000000008006928       0x16 ./Drivers/STM32F1xx_HAL_Driver/Src/stm32f1xx_hal_uart.o
                0x0000000008006928                HAL_UARTEx_RxEventCallback
 .text.UART_Start_Receive_IT
                0x000000000800693e       0x72 ./Drivers/STM32F1xx_HAL_Driver/Src/stm32f1xx_hal_uart.o
                0x000000000800693e                UART_Start_Receive_IT
 .text.UART_EndRxTransfer
                0x00000000080069b0       0x58 ./Drivers/STM32F1xx_HAL_Driver/Src/stm32f1xx_hal_uart.o
 .text.UART_DMAAbortOnError
                0x0000000008006a08       0x28 ./Drivers/STM32F1xx_HAL_Driver/Src/stm32f1xx_hal_uart.o
 .text.UART_Transmit_IT
                0x0000000008006a30       0x9e ./Drivers/STM32F1xx_HAL_Driver/Src/stm32f1xx_hal_uart.o
 .text.UART_EndTransmit_IT
                0x0000000008006ace       0x30 ./Drivers/STM32F1xx_HAL_Driver/Src/stm32f1xx_hal_uart.o
 .text.UART_Receive_IT
                0x0000000008006afe      0x152 ./Drivers/STM32F1xx_HAL_Driver/Src/stm32f1xx_hal_uart.o
 .text.UART_SetConfig
                0x0000000008006c50      0x11c ./Drivers/STM32F1xx_HAL_Driver/Src/stm32f1xx_hal_uart.o
 .text.makeFreeRtosPriority
                0x0000000008006d6c       0x2e ./Middlewares/Third_Party/FreeRTOS/Source/CMSIS_RTOS/cmsis_os.o
 .text.osKernelStart
                0x0000000008006d9a        0xe ./Middlewares/Third_Party/FreeRTOS/Source/CMSIS_RTOS/cmsis_os.o
                0x0000000008006d9a                osKernelStart
 .text.osThreadCreate
                0x0000000008006da8       0x98 ./Middlewares/Third_Party/FreeRTOS/Source/CMSIS_RTOS/cmsis_os.o
                0x0000000008006da8                osThreadCreate
 .text.osDelay  0x0000000008006e40       0x28 ./Middlewares/Third_Party/FreeRTOS/Source/CMSIS_RTOS/cmsis_os.o
                0x0000000008006e40                osDelay
 .text.osMessageCreate
                0x0000000008006e68       0x50 ./Middlewares/Third_Party/FreeRTOS/Source/CMSIS_RTOS/cmsis_os.o
                0x0000000008006e68                osMessageCreate
 .text.vListInitialise
                0x0000000008006eb8       0x3e ./Middlewares/Third_Party/FreeRTOS/Source/list.o
                0x0000000008006eb8                vListInitialise
 .text.vListInitialiseItem
                0x0000000008006ef6       0x18 ./Middlewares/Third_Party/FreeRTOS/Source/list.o
                0x0000000008006ef6                vListInitialiseItem
 .text.vListInsertEnd
                0x0000000008006f0e       0x46 ./Middlewares/Third_Party/FreeRTOS/Source/list.o
                0x0000000008006f0e                vListInsertEnd
 .text.vListInsert
                0x0000000008006f54       0x70 ./Middlewares/Third_Party/FreeRTOS/Source/list.o
                0x0000000008006f54                vListInsert
 .text.uxListRemove
                0x0000000008006fc4       0x52 ./Middlewares/Third_Party/FreeRTOS/Source/list.o
                0x0000000008006fc4                uxListRemove
 *fill*         0x0000000008007016        0x2 
 .text.xQueueGenericReset
                0x0000000008007018       0xd0 ./Middlewares/Third_Party/FreeRTOS/Source/queue.o
                0x0000000008007018                xQueueGenericReset
 .text.xQueueGenericCreateStatic
                0x00000000080070e8       0xee ./Middlewares/Third_Party/FreeRTOS/Source/queue.o
                0x00000000080070e8                xQueueGenericCreateStatic
 .text.xQueueGenericCreate
                0x00000000080071d6       0x7c ./Middlewares/Third_Party/FreeRTOS/Source/queue.o
                0x00000000080071d6                xQueueGenericCreate
 .text.prvInitialiseNewQueue
                0x0000000008007252       0x3e ./Middlewares/Third_Party/FreeRTOS/Source/queue.o
 .text.xQueueGenericSendFromISR
                0x0000000008007290      0x130 ./Middlewares/Third_Party/FreeRTOS/Source/queue.o
                0x0000000008007290                xQueueGenericSendFromISR
 .text.xQueueReceive
                0x00000000080073c0      0x1c0 ./Middlewares/Third_Party/FreeRTOS/Source/queue.o
                0x00000000080073c0                xQueueReceive
 .text.uxQueueMessagesWaiting
                0x0000000008007580       0x3c ./Middlewares/Third_Party/FreeRTOS/Source/queue.o
                0x0000000008007580                uxQueueMessagesWaiting
 .text.prvCopyDataToQueue
                0x00000000080075bc       0xd4 ./Middlewares/Third_Party/FreeRTOS/Source/queue.o
 .text.prvCopyDataFromQueue
                0x0000000008007690       0x4c ./Middlewares/Third_Party/FreeRTOS/Source/queue.o
 .text.prvUnlockQueue
                0x00000000080076dc       0xa4 ./Middlewares/Third_Party/FreeRTOS/Source/queue.o
 .text.prvIsQueueEmpty
                0x0000000008007780       0x2c ./Middlewares/Third_Party/FreeRTOS/Source/queue.o
 .text.xTaskCreateStatic
                0x00000000080077ac       0xb8 ./Middlewares/Third_Party/FreeRTOS/Source/tasks.o
                0x00000000080077ac                xTaskCreateStatic
 .text.xTaskCreate
                0x0000000008007864       0x8a ./Middlewares/Third_Party/FreeRTOS/Source/tasks.o
                0x0000000008007864                xTaskCreate
 .text.prvInitialiseNewTask
                0x00000000080078ee       0xfe ./Middlewares/Third_Party/FreeRTOS/Source/tasks.o
 .text.prvAddNewTaskToReadyList
                0x00000000080079ec       0xd4 ./Middlewares/Third_Party/FreeRTOS/Source/tasks.o
 .text.vTaskDelay
                0x0000000008007ac0       0x68 ./Middlewares/Third_Party/FreeRTOS/Source/tasks.o
                0x0000000008007ac0                vTaskDelay
 .text.vTaskSuspend
                0x0000000008007b28      0x124 ./Middlewares/Third_Party/FreeRTOS/Source/tasks.o
                0x0000000008007b28                vTaskSuspend
 .text.prvTaskIsTaskSuspended
                0x0000000008007c4c       0x74 ./Middlewares/Third_Party/FreeRTOS/Source/tasks.o
 .text.xTaskResumeFromISR
                0x0000000008007cc0       0xe4 ./Middlewares/Third_Party/FreeRTOS/Source/tasks.o
                0x0000000008007cc0                xTaskResumeFromISR
 .text.vTaskStartScheduler
                0x0000000008007da4       0xc0 ./Middlewares/Third_Party/FreeRTOS/Source/tasks.o
                0x0000000008007da4                vTaskStartScheduler
 .text.vTaskSuspendAll
                0x0000000008007e64       0x1c ./Middlewares/Third_Party/FreeRTOS/Source/tasks.o
                0x0000000008007e64                vTaskSuspendAll
 .text.xTaskResumeAll
                0x0000000008007e80      0x138 ./Middlewares/Third_Party/FreeRTOS/Source/tasks.o
                0x0000000008007e80                xTaskResumeAll
 .text.xTaskIncrementTick
                0x0000000008007fb8      0x17c ./Middlewares/Third_Party/FreeRTOS/Source/tasks.o
                0x0000000008007fb8                xTaskIncrementTick
 .text.vTaskSwitchContext
                0x0000000008008134       0xb4 ./Middlewares/Third_Party/FreeRTOS/Source/tasks.o
                0x0000000008008134                vTaskSwitchContext
 .text.vTaskPlaceOnEventList
                0x00000000080081e8       0x48 ./Middlewares/Third_Party/FreeRTOS/Source/tasks.o
                0x00000000080081e8                vTaskPlaceOnEventList
 .text.xTaskRemoveFromEventList
                0x0000000008008230       0xc4 ./Middlewares/Third_Party/FreeRTOS/Source/tasks.o
                0x0000000008008230                xTaskRemoveFromEventList
 .text.vTaskInternalSetTimeOutState
                0x00000000080082f4       0x2c ./Middlewares/Third_Party/FreeRTOS/Source/tasks.o
                0x00000000080082f4                vTaskInternalSetTimeOutState
 .text.xTaskCheckForTimeOut
                0x0000000008008320       0xc4 ./Middlewares/Third_Party/FreeRTOS/Source/tasks.o
                0x0000000008008320                xTaskCheckForTimeOut
 .text.vTaskMissedYield
                0x00000000080083e4       0x18 ./Middlewares/Third_Party/FreeRTOS/Source/tasks.o
                0x00000000080083e4                vTaskMissedYield
 .text.prvIdleTask
                0x00000000080083fc       0x30 ./Middlewares/Third_Party/FreeRTOS/Source/tasks.o
 .text.prvInitialiseTaskLists
                0x000000000800842c       0x80 ./Middlewares/Third_Party/FreeRTOS/Source/tasks.o
 .text.prvCheckTasksWaitingTermination
                0x00000000080084ac       0x5c ./Middlewares/Third_Party/FreeRTOS/Source/tasks.o
 .text.prvDeleteTCB
                0x0000000008008508       0x5e ./Middlewares/Third_Party/FreeRTOS/Source/tasks.o
 *fill*         0x0000000008008566        0x2 
 .text.prvResetNextTaskUnblockTime
                0x0000000008008568       0x48 ./Middlewares/Third_Party/FreeRTOS/Source/tasks.o
 .text.xTaskGetCurrentTaskHandle
                0x00000000080085b0       0x1c ./Middlewares/Third_Party/FreeRTOS/Source/tasks.o
                0x00000000080085b0                xTaskGetCurrentTaskHandle
 .text.xTaskGetSchedulerState
                0x00000000080085cc       0x3c ./Middlewares/Third_Party/FreeRTOS/Source/tasks.o
                0x00000000080085cc                xTaskGetSchedulerState
 .text.xTaskPriorityDisinherit
                0x0000000008008608      0x10c ./Middlewares/Third_Party/FreeRTOS/Source/tasks.o
                0x0000000008008608                xTaskPriorityDisinherit
 .text.vTaskNotifyGiveFromISR
                0x0000000008008714      0x124 ./Middlewares/Third_Party/FreeRTOS/Source/tasks.o
                0x0000000008008714                vTaskNotifyGiveFromISR
 .text.prvAddCurrentTaskToDelayedList
                0x0000000008008838       0xcc ./Middlewares/Third_Party/FreeRTOS/Source/tasks.o
 .text.pxPortInitialiseStack
                0x0000000008008904       0x58 ./Middlewares/Third_Party/FreeRTOS/Source/portable/GCC/ARM_CM3/port.o
                0x0000000008008904                pxPortInitialiseStack
 .text.prvTaskExitError
                0x000000000800895c       0x58 ./Middlewares/Third_Party/FreeRTOS/Source/portable/GCC/ARM_CM3/port.o
 *fill*         0x00000000080089b4        0xc 
 .text.SVC_Handler
                0x00000000080089c0       0x28 ./Middlewares/Third_Party/FreeRTOS/Source/portable/GCC/ARM_CM3/port.o
                0x00000000080089c0                SVC_Handler
 .text.prvPortStartFirstTask
                0x00000000080089e8       0x20 ./Middlewares/Third_Party/FreeRTOS/Source/portable/GCC/ARM_CM3/port.o
 .text.xPortStartScheduler
                0x0000000008008a08       0xe4 ./Middlewares/Third_Party/FreeRTOS/Source/portable/GCC/ARM_CM3/port.o
                0x0000000008008a08                xPortStartScheduler
 .text.vPortEnterCritical
                0x0000000008008aec       0x60 ./Middlewares/Third_Party/FreeRTOS/Source/portable/GCC/ARM_CM3/port.o
                0x0000000008008aec                vPortEnterCritical
 .text.vPortExitCritical
                0x0000000008008b4c       0x50 ./Middlewares/Third_Party/FreeRTOS/Source/portable/GCC/ARM_CM3/port.o
                0x0000000008008b4c                vPortExitCritical
 *fill*         0x0000000008008b9c        0x4 
 .text.PendSV_Handler
                0x0000000008008ba0       0x48 ./Middlewares/Third_Party/FreeRTOS/Source/portable/GCC/ARM_CM3/port.o
                0x0000000008008ba0                PendSV_Handler
 .text.SysTick_Handler
                0x0000000008008be8       0x44 ./Middlewares/Third_Party/FreeRTOS/Source/portable/GCC/ARM_CM3/port.o
                0x0000000008008be8                SysTick_Handler
 .text.vPortSetupTimerInterrupt
                0x0000000008008c2c       0x44 ./Middlewares/Third_Party/FreeRTOS/Source/portable/GCC/ARM_CM3/port.o
                0x0000000008008c2c                vPortSetupTimerInterrupt
 .text.vPortValidateInterruptPriority
                0x0000000008008c70       0x7c ./Middlewares/Third_Party/FreeRTOS/Source/portable/GCC/ARM_CM3/port.o
                0x0000000008008c70                vPortValidateInterruptPriority
 .text.pvPortMalloc
                0x0000000008008cec      0x188 ./Middlewares/Third_Party/FreeRTOS/Source/portable/MemMang/heap_4.o
                0x0000000008008cec                pvPortMalloc
 .text.vPortFree
                0x0000000008008e74       0xb4 ./Middlewares/Third_Party/FreeRTOS/Source/portable/MemMang/heap_4.o
                0x0000000008008e74                vPortFree
 .text.prvHeapInit
                0x0000000008008f28       0xc4 ./Middlewares/Third_Party/FreeRTOS/Source/portable/MemMang/heap_4.o
 .text.prvInsertBlockIntoFreeList
                0x0000000008008fec       0xb0 ./Middlewares/Third_Party/FreeRTOS/Source/portable/MemMang/heap_4.o
 .text._Znwj    0x000000000800909c       0x22 /opt/st/stm32cubeide_1.8.0/plugins/com.st.stm32cube.ide.mcu.externaltools.gnu-tools-for-stm32.9-2020-q2-update.linux64_2.0.0.202105311346/tools/bin/../lib/gcc/arm-none-eabi/9.3.1/../../../../arm-none-eabi/lib/thumb/v7-m/nofp/libstdc++_nano.a(new_op.o)
                0x000000000800909c                operator new(unsigned int)
 *fill*         0x00000000080090be        0x2 
 .text._ZSt15get_new_handlerv
                0x00000000080090c0       0x10 /opt/st/stm32cubeide_1.8.0/plugins/com.st.stm32cube.ide.mcu.externaltools.gnu-tools-for-stm32.9-2020-q2-update.linux64_2.0.0.202105311346/tools/bin/../lib/gcc/arm-none-eabi/9.3.1/../../../../arm-none-eabi/lib/thumb/v7-m/nofp/libstdc++_nano.a(new_handler.o)
                0x00000000080090c0                std::get_new_handler()
 .text.powf     0x00000000080090d0      0x108 /opt/st/stm32cubeide_1.8.0/plugins/com.st.stm32cube.ide.mcu.externaltools.gnu-tools-for-stm32.9-2020-q2-update.linux64_2.0.0.202105311346/tools/bin/../lib/gcc/arm-none-eabi/9.3.1/../../../../arm-none-eabi/lib/thumb/v7-m/nofp/libm.a(lib_a-wf_pow.o)
                0x00000000080090d0                powf
 .text.__ieee754_powf
                0x00000000080091d8      0x6a8 /opt/st/stm32cubeide_1.8.0/plugins/com.st.stm32cube.ide.mcu.externaltools.gnu-tools-for-stm32.9-2020-q2-update.linux64_2.0.0.202105311346/tools/bin/../lib/gcc/arm-none-eabi/9.3.1/../../../../arm-none-eabi/lib/thumb/v7-m/nofp/libm.a(lib_a-ef_pow.o)
                0x00000000080091d8                __ieee754_powf
 .text.__ieee754_sqrtf
                0x0000000008009880       0xa2 /opt/st/stm32cubeide_1.8.0/plugins/com.st.stm32cube.ide.mcu.externaltools.gnu-tools-for-stm32.9-2020-q2-update.linux64_2.0.0.202105311346/tools/bin/../lib/gcc/arm-none-eabi/9.3.1/../../../../arm-none-eabi/lib/thumb/v7-m/nofp/libm.a(lib_a-ef_sqrt.o)
                0x0000000008009880                __ieee754_sqrtf
 .text.fabsf    0x0000000008009922        0x6 /opt/st/stm32cubeide_1.8.0/plugins/com.st.stm32cube.ide.mcu.externaltools.gnu-tools-for-stm32.9-2020-q2-update.linux64_2.0.0.202105311346/tools/bin/../lib/gcc/arm-none-eabi/9.3.1/../../../../arm-none-eabi/lib/thumb/v7-m/nofp/libm.a(lib_a-sf_fabs.o)
                0x0000000008009922                fabsf
 .text.finitef  0x0000000008009928       0x10 /opt/st/stm32cubeide_1.8.0/plugins/com.st.stm32cube.ide.mcu.externaltools.gnu-tools-for-stm32.9-2020-q2-update.linux64_2.0.0.202105311346/tools/bin/../lib/gcc/arm-none-eabi/9.3.1/../../../../arm-none-eabi/lib/thumb/v7-m/nofp/libm.a(lib_a-sf_finite.o)
                0x0000000008009928                finitef
 .text.nanf     0x0000000008009938        0x8 /opt/st/stm32cubeide_1.8.0/plugins/com.st.stm32cube.ide.mcu.externaltools.gnu-tools-for-stm32.9-2020-q2-update.linux64_2.0.0.202105311346/tools/bin/../lib/gcc/arm-none-eabi/9.3.1/../../../../arm-none-eabi/lib/thumb/v7-m/nofp/libm.a(lib_a-sf_nan.o)
                0x0000000008009938                nanf
 .text.rintf    0x0000000008009940       0xa4 /opt/st/stm32cubeide_1.8.0/plugins/com.st.stm32cube.ide.mcu.externaltools.gnu-tools-for-stm32.9-2020-q2-update.linux64_2.0.0.202105311346/tools/bin/../lib/gcc/arm-none-eabi/9.3.1/../../../../arm-none-eabi/lib/thumb/v7-m/nofp/libm.a(lib_a-sf_rint.o)
                0x0000000008009940                rintf
 .text.scalbnf  0x00000000080099e4       0x98 /opt/st/stm32cubeide_1.8.0/plugins/com.st.stm32cube.ide.mcu.externaltools.gnu-tools-for-stm32.9-2020-q2-update.linux64_2.0.0.202105311346/tools/bin/../lib/gcc/arm-none-eabi/9.3.1/../../../../arm-none-eabi/lib/thumb/v7-m/nofp/libm.a(lib_a-sf_scalbn.o)
                0x00000000080099e4                scalbnf
 .text.abort    0x0000000008009a7c        0xe /opt/st/stm32cubeide_1.8.0/plugins/com.st.stm32cube.ide.mcu.externaltools.gnu-tools-for-stm32.9-2020-q2-update.linux64_2.0.0.202105311346/tools/bin/../lib/gcc/arm-none-eabi/9.3.1/../../../../arm-none-eabi/lib/thumb/v7-m/nofp/libc_nano.a(lib_a-abort.o)
                0x0000000008009a7c                abort
 *fill*         0x0000000008009a8a        0x2 
 .text.__errno  0x0000000008009a8c        0xc /opt/st/stm32cubeide_1.8.0/plugins/com.st.stm32cube.ide.mcu.externaltools.gnu-tools-for-stm32.9-2020-q2-update.linux64_2.0.0.202105311346/tools/bin/../lib/gcc/arm-none-eabi/9.3.1/../../../../arm-none-eabi/lib/thumb/v7-m/nofp/libc_nano.a(lib_a-errno.o)
                0x0000000008009a8c                __errno
 .text.__libc_init_array
                0x0000000008009a98       0x48 /opt/st/stm32cubeide_1.8.0/plugins/com.st.stm32cube.ide.mcu.externaltools.gnu-tools-for-stm32.9-2020-q2-update.linux64_2.0.0.202105311346/tools/bin/../lib/gcc/arm-none-eabi/9.3.1/../../../../arm-none-eabi/lib/thumb/v7-m/nofp/libc_nano.a(lib_a-init.o)
                0x0000000008009a98                __libc_init_array
 .text.__itoa   0x0000000008009ae0       0x30 /opt/st/stm32cubeide_1.8.0/plugins/com.st.stm32cube.ide.mcu.externaltools.gnu-tools-for-stm32.9-2020-q2-update.linux64_2.0.0.202105311346/tools/bin/../lib/gcc/arm-none-eabi/9.3.1/../../../../arm-none-eabi/lib/thumb/v7-m/nofp/libc_nano.a(lib_a-itoa.o)
                0x0000000008009ae0                __itoa
 .text.itoa     0x0000000008009b10        0x4 /opt/st/stm32cubeide_1.8.0/plugins/com.st.stm32cube.ide.mcu.externaltools.gnu-tools-for-stm32.9-2020-q2-update.linux64_2.0.0.202105311346/tools/bin/../lib/gcc/arm-none-eabi/9.3.1/../../../../arm-none-eabi/lib/thumb/v7-m/nofp/libc_nano.a(lib_a-itoa.o)
                0x0000000008009b10                itoa
 .text.malloc   0x0000000008009b14       0x10 /opt/st/stm32cubeide_1.8.0/plugins/com.st.stm32cube.ide.mcu.externaltools.gnu-tools-for-stm32.9-2020-q2-update.linux64_2.0.0.202105311346/tools/bin/../lib/gcc/arm-none-eabi/9.3.1/../../../../arm-none-eabi/lib/thumb/v7-m/nofp/libc_nano.a(lib_a-malloc.o)
                0x0000000008009b14                malloc
 .text.memcpy   0x0000000008009b24       0x1c /opt/st/stm32cubeide_1.8.0/plugins/com.st.stm32cube.ide.mcu.externaltools.gnu-tools-for-stm32.9-2020-q2-update.linux64_2.0.0.202105311346/tools/bin/../lib/gcc/arm-none-eabi/9.3.1/../../../../arm-none-eabi/lib/thumb/v7-m/nofp/libc_nano.a(lib_a-memcpy-stub.o)
                0x0000000008009b24                memcpy
 .text.memset   0x0000000008009b40       0x10 /opt/st/stm32cubeide_1.8.0/plugins/com.st.stm32cube.ide.mcu.externaltools.gnu-tools-for-stm32.9-2020-q2-update.linux64_2.0.0.202105311346/tools/bin/../lib/gcc/arm-none-eabi/9.3.1/../../../../arm-none-eabi/lib/thumb/v7-m/nofp/libc_nano.a(lib_a-memset.o)
                0x0000000008009b40                memset
 .text._malloc_r
                0x0000000008009b50       0xb4 /opt/st/stm32cubeide_1.8.0/plugins/com.st.stm32cube.ide.mcu.externaltools.gnu-tools-for-stm32.9-2020-q2-update.linux64_2.0.0.202105311346/tools/bin/../lib/gcc/arm-none-eabi/9.3.1/../../../../arm-none-eabi/lib/thumb/v7-m/nofp/libc_nano.a(lib_a-nano-mallocr.o)
                0x0000000008009b50                _malloc_r
 .text._sbrk_r  0x0000000008009c04       0x20 /opt/st/stm32cubeide_1.8.0/plugins/com.st.stm32cube.ide.mcu.externaltools.gnu-tools-for-stm32.9-2020-q2-update.linux64_2.0.0.202105311346/tools/bin/../lib/gcc/arm-none-eabi/9.3.1/../../../../arm-none-eabi/lib/thumb/v7-m/nofp/libc_nano.a(lib_a-sbrkr.o)
                0x0000000008009c04                _sbrk_r
 .text._raise_r
                0x0000000008009c24       0x50 /opt/st/stm32cubeide_1.8.0/plugins/com.st.stm32cube.ide.mcu.externaltools.gnu-tools-for-stm32.9-2020-q2-update.linux64_2.0.0.202105311346/tools/bin/../lib/gcc/arm-none-eabi/9.3.1/../../../../arm-none-eabi/lib/thumb/v7-m/nofp/libc_nano.a(lib_a-signal.o)
                0x0000000008009c24                _raise_r
 .text.raise    0x0000000008009c74       0x10 /opt/st/stm32cubeide_1.8.0/plugins/com.st.stm32cube.ide.mcu.externaltools.gnu-tools-for-stm32.9-2020-q2-update.linux64_2.0.0.202105311346/tools/bin/../lib/gcc/arm-none-eabi/9.3.1/../../../../arm-none-eabi/lib/thumb/v7-m/nofp/libc_nano.a(lib_a-signal.o)
                0x0000000008009c74                raise
 .text._kill_r  0x0000000008009c84       0x24 /opt/st/stm32cubeide_1.8.0/plugins/com.st.stm32cube.ide.mcu.externaltools.gnu-tools-for-stm32.9-2020-q2-update.linux64_2.0.0.202105311346/tools/bin/../lib/gcc/arm-none-eabi/9.3.1/../../../../arm-none-eabi/lib/thumb/v7-m/nofp/libc_nano.a(lib_a-signalr.o)
                0x0000000008009c84                _kill_r
 .text._getpid_r
                0x0000000008009ca8        0x4 /opt/st/stm32cubeide_1.8.0/plugins/com.st.stm32cube.ide.mcu.externaltools.gnu-tools-for-stm32.9-2020-q2-update.linux64_2.0.0.202105311346/tools/bin/../lib/gcc/arm-none-eabi/9.3.1/../../../../arm-none-eabi/lib/thumb/v7-m/nofp/libc_nano.a(lib_a-signalr.o)
                0x0000000008009ca8                _getpid_r
 .text.__utoa   0x0000000008009cac       0x84 /opt/st/stm32cubeide_1.8.0/plugins/com.st.stm32cube.ide.mcu.externaltools.gnu-tools-for-stm32.9-2020-q2-update.linux64_2.0.0.202105311346/tools/bin/../lib/gcc/arm-none-eabi/9.3.1/../../../../arm-none-eabi/lib/thumb/v7-m/nofp/libc_nano.a(lib_a-utoa.o)
                0x0000000008009cac                __utoa
 .text.__malloc_lock
                0x0000000008009d30        0xc /opt/st/stm32cubeide_1.8.0/plugins/com.st.stm32cube.ide.mcu.externaltools.gnu-tools-for-stm32.9-2020-q2-update.linux64_2.0.0.202105311346/tools/bin/../lib/gcc/arm-none-eabi/9.3.1/../../../../arm-none-eabi/lib/thumb/v7-m/nofp/libc_nano.a(lib_a-mlock.o)
                0x0000000008009d30                __malloc_lock
 .text.__malloc_unlock
                0x0000000008009d3c        0xc /opt/st/stm32cubeide_1.8.0/plugins/com.st.stm32cube.ide.mcu.externaltools.gnu-tools-for-stm32.9-2020-q2-update.linux64_2.0.0.202105311346/tools/bin/../lib/gcc/arm-none-eabi/9.3.1/../../../../arm-none-eabi/lib/thumb/v7-m/nofp/libc_nano.a(lib_a-mlock.o)
                0x0000000008009d3c                __malloc_unlock
 .text.__retarget_lock_acquire_recursive
                0x0000000008009d48        0x2 /opt/st/stm32cubeide_1.8.0/plugins/com.st.stm32cube.ide.mcu.externaltools.gnu-tools-for-stm32.9-2020-q2-update.linux64_2.0.0.202105311346/tools/bin/../lib/gcc/arm-none-eabi/9.3.1/../../../../arm-none-eabi/lib/thumb/v7-m/nofp/libc_nano.a(lib_a-lock.o)
                0x0000000008009d48                __retarget_lock_acquire_recursive
 .text.__retarget_lock_release_recursive
                0x0000000008009d4a        0x2 /opt/st/stm32cubeide_1.8.0/plugins/com.st.stm32cube.ide.mcu.externaltools.gnu-tools-for-stm32.9-2020-q2-update.linux64_2.0.0.202105311346/tools/bin/../lib/gcc/arm-none-eabi/9.3.1/../../../../arm-none-eabi/lib/thumb/v7-m/nofp/libc_nano.a(lib_a-lock.o)
                0x0000000008009d4a                __retarget_lock_release_recursive
 *(.glue_7)
 .glue_7        0x0000000008009d4c        0x0 linker stubs
 *(.glue_7t)
 .glue_7t       0x0000000008009d4c        0x0 linker stubs
 *(.eh_frame)
 .eh_frame      0x0000000008009d4c        0x0 /opt/st/stm32cubeide_1.8.0/plugins/com.st.stm32cube.ide.mcu.externaltools.gnu-tools-for-stm32.9-2020-q2-update.linux64_2.0.0.202105311346/tools/bin/../lib/gcc/arm-none-eabi/9.3.1/thumb/v7-m/nofp/crtbegin.o
 *(.init)
 .init          0x0000000008009d4c        0x4 /opt/st/stm32cubeide_1.8.0/plugins/com.st.stm32cube.ide.mcu.externaltools.gnu-tools-for-stm32.9-2020-q2-update.linux64_2.0.0.202105311346/tools/bin/../lib/gcc/arm-none-eabi/9.3.1/thumb/v7-m/nofp/crti.o
                0x0000000008009d4c                _init
 .init          0x0000000008009d50        0x8 /opt/st/stm32cubeide_1.8.0/plugins/com.st.stm32cube.ide.mcu.externaltools.gnu-tools-for-stm32.9-2020-q2-update.linux64_2.0.0.202105311346/tools/bin/../lib/gcc/arm-none-eabi/9.3.1/thumb/v7-m/nofp/crtn.o
 *(.fini)
 .fini          0x0000000008009d58        0x4 /opt/st/stm32cubeide_1.8.0/plugins/com.st.stm32cube.ide.mcu.externaltools.gnu-tools-for-stm32.9-2020-q2-update.linux64_2.0.0.202105311346/tools/bin/../lib/gcc/arm-none-eabi/9.3.1/thumb/v7-m/nofp/crti.o
                0x0000000008009d58                _fini
 .fini          0x0000000008009d5c        0x8 /opt/st/stm32cubeide_1.8.0/plugins/com.st.stm32cube.ide.mcu.externaltools.gnu-tools-for-stm32.9-2020-q2-update.linux64_2.0.0.202105311346/tools/bin/../lib/gcc/arm-none-eabi/9.3.1/thumb/v7-m/nofp/crtn.o
                0x0000000008009d64                . = ALIGN (0x4)
                0x0000000008009d64                _etext = .

.vfp11_veneer   0x0000000008009d64        0x0
 .vfp11_veneer  0x0000000008009d64        0x0 linker stubs

.v4_bx          0x0000000008009d64        0x0
 .v4_bx         0x0000000008009d64        0x0 linker stubs

.iplt           0x0000000008009d64        0x0
 .iplt          0x0000000008009d64        0x0 /opt/st/stm32cubeide_1.8.0/plugins/com.st.stm32cube.ide.mcu.externaltools.gnu-tools-for-stm32.9-2020-q2-update.linux64_2.0.0.202105311346/tools/bin/../lib/gcc/arm-none-eabi/9.3.1/thumb/v7-m/nofp/crtbegin.o

.rodata         0x0000000008009d64      0x228
                0x0000000008009d64                . = ALIGN (0x4)
 *(.rodata)
 .rodata        0x0000000008009d64       0x62 ./Core/Src/main.o
 *fill*         0x0000000008009dc6        0x2 
 .rodata        0x0000000008009dc8        0x6 ./Core/Src/obd.o
 *fill*         0x0000000008009dce        0x2 
 .rodata        0x0000000008009dd0       0x36 ./Core/Src/screens.o
 *fill*         0x0000000008009e06        0x2 
 .rodata        0x0000000008009e08       0x10 ./Drivers/STM32F1xx_HAL_Driver/Src/stm32f1xx_hal_rcc.o
 .rodata        0x0000000008009e18        0x5 ./Middlewares/Third_Party/FreeRTOS/Source/tasks.o
 *(.rodata*)
 *fill*         0x0000000008009e1d        0x3 
 .rodata._ZTV10BitmapItem
                0x0000000008009e20        0xc ./Core/Src/screens.o
                0x0000000008009e20                vtable for BitmapItem
 .rodata._ZTV8TextItem
                0x0000000008009e2c        0xc ./Core/Src/screens.o
                0x0000000008009e2c                vtable for TextItem
 .rodata._ZTV11RealNumItem
                0x0000000008009e38        0xc ./Core/Src/screens.o
                0x0000000008009e38                vtable for RealNumItem
 .rodata._ZTV10IntNumItem
                0x0000000008009e44        0xc ./Core/Src/screens.o
                0x0000000008009e44                vtable for IntNumItem
 .rodata._ZTV10ScreenItem
                0x0000000008009e50        0xc ./Core/Src/screens.o
                0x0000000008009e50                vtable for ScreenItem
 .rodata.AHBPrescTable
                0x0000000008009e5c       0x10 ./Core/Src/system_stm32f1xx.o
                0x0000000008009e5c                AHBPrescTable
 .rodata.APBPrescTable
                0x0000000008009e6c        0x8 ./Core/Src/system_stm32f1xx.o
                0x0000000008009e6c                APBPrescTable
 .rodata.a_bmpETemp
                0x0000000008009e74       0x22 ./Core/disp/bitmaps.o
                0x0000000008009e74                a_bmpETemp
 *fill*         0x0000000008009e96        0x2 
 .rodata.a_bmpBrake
                0x0000000008009e98       0xac ./Core/disp/bitmaps.o
                0x0000000008009e98                a_bmpBrake
 .rodata.__ieee754_powf.str1.1
                0x0000000008009f44        0x0 /opt/st/stm32cubeide_1.8.0/plugins/com.st.stm32cube.ide.mcu.externaltools.gnu-tools-for-stm32.9-2020-q2-update.linux64_2.0.0.202105311346/tools/bin/../lib/gcc/arm-none-eabi/9.3.1/../../../../arm-none-eabi/lib/thumb/v7-m/nofp/libm.a(lib_a-ef_pow.o)
                                          0x1 (size before relaxing)
 .rodata.bp     0x0000000008009f44        0x8 /opt/st/stm32cubeide_1.8.0/plugins/com.st.stm32cube.ide.mcu.externaltools.gnu-tools-for-stm32.9-2020-q2-update.linux64_2.0.0.202105311346/tools/bin/../lib/gcc/arm-none-eabi/9.3.1/../../../../arm-none-eabi/lib/thumb/v7-m/nofp/libm.a(lib_a-ef_pow.o)
 .rodata.dp_h   0x0000000008009f4c        0x8 /opt/st/stm32cubeide_1.8.0/plugins/com.st.stm32cube.ide.mcu.externaltools.gnu-tools-for-stm32.9-2020-q2-update.linux64_2.0.0.202105311346/tools/bin/../lib/gcc/arm-none-eabi/9.3.1/../../../../arm-none-eabi/lib/thumb/v7-m/nofp/libm.a(lib_a-ef_pow.o)
 .rodata.dp_l   0x0000000008009f54        0x8 /opt/st/stm32cubeide_1.8.0/plugins/com.st.stm32cube.ide.mcu.externaltools.gnu-tools-for-stm32.9-2020-q2-update.linux64_2.0.0.202105311346/tools/bin/../lib/gcc/arm-none-eabi/9.3.1/../../../../arm-none-eabi/lib/thumb/v7-m/nofp/libm.a(lib_a-ef_pow.o)
 .rodata.TWO23  0x0000000008009f5c        0x8 /opt/st/stm32cubeide_1.8.0/plugins/com.st.stm32cube.ide.mcu.externaltools.gnu-tools-for-stm32.9-2020-q2-update.linux64_2.0.0.202105311346/tools/bin/../lib/gcc/arm-none-eabi/9.3.1/../../../../arm-none-eabi/lib/thumb/v7-m/nofp/libm.a(lib_a-sf_rint.o)
 .rodata.__utoa.str1.1
                0x0000000008009f64       0x25 /opt/st/stm32cubeide_1.8.0/plugins/com.st.stm32cube.ide.mcu.externaltools.gnu-tools-for-stm32.9-2020-q2-update.linux64_2.0.0.202105311346/tools/bin/../lib/gcc/arm-none-eabi/9.3.1/../../../../arm-none-eabi/lib/thumb/v7-m/nofp/libc_nano.a(lib_a-utoa.o)
                0x0000000008009f8c                . = ALIGN (0x4)
 *fill*         0x0000000008009f89        0x3 

.rel.dyn        0x0000000008009f8c        0x0
 .rel.iplt      0x0000000008009f8c        0x0 /opt/st/stm32cubeide_1.8.0/plugins/com.st.stm32cube.ide.mcu.externaltools.gnu-tools-for-stm32.9-2020-q2-update.linux64_2.0.0.202105311346/tools/bin/../lib/gcc/arm-none-eabi/9.3.1/thumb/v7-m/nofp/crtbegin.o

.ARM.extab      0x0000000008009f8c        0x0
                0x0000000008009f8c                . = ALIGN (0x4)
 *(.ARM.extab* .gnu.linkonce.armextab.*)
                0x0000000008009f8c                . = ALIGN (0x4)

.ARM            0x0000000008009f8c        0x0
                0x0000000008009f8c                . = ALIGN (0x4)
                0x0000000008009f8c                __exidx_start = .
 *(.ARM.exidx*)
                0x0000000008009f8c                __exidx_end = .
                0x0000000008009f8c                . = ALIGN (0x4)

.preinit_array  0x0000000008009f8c        0x0
                0x0000000008009f8c                . = ALIGN (0x4)
                0x0000000008009f8c                PROVIDE (__preinit_array_start = .)
 *(.preinit_array*)
                0x0000000008009f8c                PROVIDE (__preinit_array_end = .)
                0x0000000008009f8c                . = ALIGN (0x4)

.init_array     0x0000000008009f8c        0xc
                0x0000000008009f8c                . = ALIGN (0x4)
                0x0000000008009f8c                PROVIDE (__init_array_start = .)
 *(SORT_BY_NAME(.init_array.*))
 *(.init_array*)
 .init_array    0x0000000008009f8c        0x4 /opt/st/stm32cubeide_1.8.0/plugins/com.st.stm32cube.ide.mcu.externaltools.gnu-tools-for-stm32.9-2020-q2-update.linux64_2.0.0.202105311346/tools/bin/../lib/gcc/arm-none-eabi/9.3.1/thumb/v7-m/nofp/crtbegin.o
 .init_array    0x0000000008009f90        0x4 ./Core/Src/screens.o
 .init_array    0x0000000008009f94        0x4 ./Core/disp/disp.o
                0x0000000008009f98                PROVIDE (__init_array_end = .)
                0x0000000008009f98                . = ALIGN (0x4)

.fini_array     0x0000000008009f98        0x4
                0x0000000008009f98                . = ALIGN (0x4)
                [!provide]                        PROVIDE (__fini_array_start = .)
 *(SORT_BY_NAME(.fini_array.*))
 *(.fini_array*)
 .fini_array    0x0000000008009f98        0x4 /opt/st/stm32cubeide_1.8.0/plugins/com.st.stm32cube.ide.mcu.externaltools.gnu-tools-for-stm32.9-2020-q2-update.linux64_2.0.0.202105311346/tools/bin/../lib/gcc/arm-none-eabi/9.3.1/thumb/v7-m/nofp/crtbegin.o
                [!provide]                        PROVIDE (__fini_array_end = .)
                0x0000000008009f9c                . = ALIGN (0x4)
                0x0000000008009f9c                _sidata = LOADADDR (.data)

.data           0x0000000020000000      0x718 load address 0x0000000008009f9c
                0x0000000020000000                . = ALIGN (0x4)
                0x0000000020000000                _sdata = .
 *(.data)
 *(.data*)
 .data.carConn  0x0000000020000000        0x1 ./Core/Src/main.o
                0x0000000020000000                carConn
 *fill*         0x0000000020000001        0x1 
 .data.DispDBri
                0x0000000020000002        0x2 ./Core/Src/main.o
                0x0000000020000002                DispDBri
 .data.items    0x0000000020000004        0x1 ./Core/Src/screens.o
                0x0000000020000004                items
 *fill*         0x0000000020000005        0x3 
 .data.SystemCoreClock
                0x0000000020000008        0x4 ./Core/Src/system_stm32f1xx.o
                0x0000000020000008                SystemCoreClock
 .data.bmpETemp
                0x000000002000000c        0x8 ./Core/disp/bitmaps.o
                0x000000002000000c                bmpETemp
 .data.bmpBrake
                0x0000000020000014        0x8 ./Core/disp/bitmaps.o
                0x0000000020000014                bmpBrake
 .data._ZL7Arial16
                0x000000002000001c       0xe0 ./Core/disp/disp.o
 .data._ZL10Arial16_wd
                0x00000000200000fc        0xe ./Core/disp/disp.o
 *fill*         0x000000002000010a        0x2 
 .data._ZL9System5x7
                0x000000002000010c      0x1e0 ./Core/disp/disp.o
 .data._ZL7Arial32
                0x00000000200002ec      0x3a8 ./Core/disp/disp.o
 .data._ZL10Arial32_wd
                0x0000000020000694        0xe ./Core/disp/disp.o
 *fill*         0x00000000200006a2        0x2 
 .data.uwTickPrio
                0x00000000200006a4        0x4 ./Drivers/STM32F1xx_HAL_Driver/Src/stm32f1xx_hal.o
                0x00000000200006a4                uwTickPrio
 .data.uwTickFreq
                0x00000000200006a8        0x1 ./Drivers/STM32F1xx_HAL_Driver/Src/stm32f1xx_hal.o
                0x00000000200006a8                uwTickFreq
 *fill*         0x00000000200006a9        0x3 
 .data.uxCriticalNesting
                0x00000000200006ac        0x4 ./Middlewares/Third_Party/FreeRTOS/Source/portable/GCC/ARM_CM3/port.o
 .data.__fdlib_version
                0x00000000200006b0        0x1 /opt/st/stm32cubeide_1.8.0/plugins/com.st.stm32cube.ide.mcu.externaltools.gnu-tools-for-stm32.9-2020-q2-update.linux64_2.0.0.202105311346/tools/bin/../lib/gcc/arm-none-eabi/9.3.1/../../../../arm-none-eabi/lib/thumb/v7-m/nofp/libm.a(lib_a-s_lib_ver.o)
                0x00000000200006b0                __fdlib_version
 *fill*         0x00000000200006b1        0x3 
 .data._impure_ptr
                0x00000000200006b4        0x4 /opt/st/stm32cubeide_1.8.0/plugins/com.st.stm32cube.ide.mcu.externaltools.gnu-tools-for-stm32.9-2020-q2-update.linux64_2.0.0.202105311346/tools/bin/../lib/gcc/arm-none-eabi/9.3.1/../../../../arm-none-eabi/lib/thumb/v7-m/nofp/libc_nano.a(lib_a-impure.o)
                0x00000000200006b4                _impure_ptr
 .data.impure_data
                0x00000000200006b8       0x60 /opt/st/stm32cubeide_1.8.0/plugins/com.st.stm32cube.ide.mcu.externaltools.gnu-tools-for-stm32.9-2020-q2-update.linux64_2.0.0.202105311346/tools/bin/../lib/gcc/arm-none-eabi/9.3.1/../../../../arm-none-eabi/lib/thumb/v7-m/nofp/libc_nano.a(lib_a-impure.o)
                0x0000000020000718                . = ALIGN (0x4)
                0x0000000020000718                _edata = .

.igot.plt       0x0000000020000718        0x0 load address 0x000000000800a6b4
 .igot.plt      0x0000000020000718        0x0 /opt/st/stm32cubeide_1.8.0/plugins/com.st.stm32cube.ide.mcu.externaltools.gnu-tools-for-stm32.9-2020-q2-update.linux64_2.0.0.202105311346/tools/bin/../lib/gcc/arm-none-eabi/9.3.1/thumb/v7-m/nofp/crtbegin.o
                0x0000000020000718                . = ALIGN (0x4)

.bss            0x0000000020000718     0x19ec load address 0x000000000800a6b4
                0x0000000020000718                _sbss = .
                0x0000000020000718                __bss_start__ = _sbss
 *(.bss)
 .bss           0x0000000020000718       0x1c /opt/st/stm32cubeide_1.8.0/plugins/com.st.stm32cube.ide.mcu.externaltools.gnu-tools-for-stm32.9-2020-q2-update.linux64_2.0.0.202105311346/tools/bin/../lib/gcc/arm-none-eabi/9.3.1/thumb/v7-m/nofp/crtbegin.o
 *(.bss*)
 .bss.pHeader   0x0000000020000734       0x18 ./Core/Src/can.o
                0x0000000020000734                pHeader
 .bss.TxMailbox
                0x000000002000074c        0x4 ./Core/Src/can.o
                0x000000002000074c                TxMailbox
 .bss.sFilterConfig
                0x0000000020000750       0x28 ./Core/Src/can.o
                0x0000000020000750                sFilterConfig
 .bss.xIdleTaskTCBBuffer
                0x0000000020000778       0x54 ./Core/Src/freertos.o
 .bss.xIdleStack
                0x00000000200007cc      0x200 ./Core/Src/freertos.o
 .bss.testMode  0x00000000200009cc        0x1 ./Core/Src/main.o
                0x00000000200009cc                testMode
 *fill*         0x00000000200009cd        0x3 
 .bss.hcan      0x00000000200009d0       0x28 ./Core/Src/main.o
                0x00000000200009d0                hcan
 .bss.hi2c1     0x00000000200009f8       0x54 ./Core/Src/main.o
                0x00000000200009f8                hi2c1
 .bss.hspi1     0x0000000020000a4c       0x58 ./Core/Src/main.o
                0x0000000020000a4c                hspi1
 .bss.htim2     0x0000000020000aa4       0x48 ./Core/Src/main.o
                0x0000000020000aa4                htim2
 .bss.htim3     0x0000000020000aec       0x48 ./Core/Src/main.o
                0x0000000020000aec                htim3
 .bss.huart1    0x0000000020000b34       0x44 ./Core/Src/main.o
                0x0000000020000b34                huart1
 .bss.CANMsgQueueBuffer
                0x0000000020000b78      0x280 ./Core/Src/main.o
                0x0000000020000b78                CANMsgQueueBuffer
 .bss.CANMsgQueueHandle
                0x0000000020000df8        0x4 ./Core/Src/main.o
                0x0000000020000df8                CANMsgQueueHandle
 .bss.CANMsgQueueControlBlock
                0x0000000020000dfc       0x48 ./Core/Src/main.o
                0x0000000020000dfc                CANMsgQueueControlBlock
 .bss.ScreenTaskHandle
                0x0000000020000e44        0x4 ./Core/Src/main.o
                0x0000000020000e44                ScreenTaskHandle
 .bss.CANTaskHandle
                0x0000000020000e48        0x4 ./Core/Src/main.o
                0x0000000020000e48                CANTaskHandle
 .bss.xCANTaskHandle
                0x0000000020000e4c        0x4 ./Core/Src/main.o
                0x0000000020000e4c                xCANTaskHandle
 .bss.xScrTaskHandle
                0x0000000020000e50        0x4 ./Core/Src/main.o
                0x0000000020000e50                xScrTaskHandle
 .bss.carBrake  0x0000000020000e54        0x1 ./Core/Src/main.o
                0x0000000020000e54                carBrake
 .bss.carIgnON  0x0000000020000e55        0x1 ./Core/Src/main.o
                0x0000000020000e55                carIgnON
 .bss.carEngON  0x0000000020000e56        0x1 ./Core/Src/main.o
                0x0000000020000e56                carEngON
 .bss.carLightON
                0x0000000020000e57        0x1 ./Core/Src/main.o
                0x0000000020000e57                carLightON
 .bss.carSpeed  0x0000000020000e58        0x2 ./Core/Src/main.o
                0x0000000020000e58                carSpeed
 .bss.carRPM    0x0000000020000e5a        0x2 ./Core/Src/main.o
                0x0000000020000e5a                carRPM
 .bss.carFSpeed
                0x0000000020000e5c        0x4 ./Core/Src/main.o
                0x0000000020000e5c                carFSpeed
 .bss.carTemp   0x0000000020000e60        0x2 ./Core/Src/main.o
                0x0000000020000e60                carTemp
 *fill*         0x0000000020000e62        0x6 
 .bss.carDate   0x0000000020000e68        0x8 ./Core/Src/main.o
                0x0000000020000e68                carDate
 .bss.carEcon1  0x0000000020000e70        0x4 ./Core/Src/main.o
                0x0000000020000e70                carEcon1
 .bss.canQueueMax
                0x0000000020000e74        0x2 ./Core/Src/main.o
                0x0000000020000e74                canQueueMax
 *fill*         0x0000000020000e76        0x2 
 .bss._ZZ11CalcAvgEcontE4buff
                0x0000000020000e78       0x10 ./Core/Src/obd.o
 .bss._ZZ11CalcAvgEcontE3idx
                0x0000000020000e88        0x1 ./Core/Src/obd.o
 *fill*         0x0000000020000e89        0x3 
 .bss._ZZ11CalcAvgEcontE3avg
                0x0000000020000e8c        0x4 ./Core/Src/obd.o
 .bss.blinkCounter
                0x0000000020000e90        0x1 ./Core/Src/screens.o
                0x0000000020000e90                blinkCounter
 *fill*         0x0000000020000e91        0x3 
 .bss.speedItem
                0x0000000020000e94        0x4 ./Core/Src/screens.o
                0x0000000020000e94                speedItem
 .bss.spdLabelItem
                0x0000000020000e98        0x4 ./Core/Src/screens.o
                0x0000000020000e98                spdLabelItem
 .bss.econ1Item
                0x0000000020000e9c        0x4 ./Core/Src/screens.o
                0x0000000020000e9c                econ1Item
 .bss.econLabelItem
                0x0000000020000ea0        0x4 ./Core/Src/screens.o
                0x0000000020000ea0                econLabelItem
 .bss.tempItem  0x0000000020000ea4        0x4 ./Core/Src/screens.o
                0x0000000020000ea4                tempItem
 .bss.tempLabelItem
                0x0000000020000ea8        0x4 ./Core/Src/screens.o
                0x0000000020000ea8                tempLabelItem
 .bss.ETbmpItem
                0x0000000020000eac        0x4 ./Core/Src/screens.o
                0x0000000020000eac                ETbmpItem
 .bss.noConnItem
                0x0000000020000eb0        0x4 ./Core/Src/screens.o
                0x0000000020000eb0                noConnItem
 .bss.brakeItem
                0x0000000020000eb4        0x4 ./Core/Src/screens.o
                0x0000000020000eb4                brakeItem
 .bss.Can1Item  0x0000000020000eb8        0x4 ./Core/Src/screens.o
                0x0000000020000eb8                Can1Item
 .bss.Can2Item  0x0000000020000ebc        0x4 ./Core/Src/screens.o
                0x0000000020000ebc                Can2Item
 .bss.Can3Item  0x0000000020000ec0        0x4 ./Core/Src/screens.o
                0x0000000020000ec0                Can3Item
 .bss.HiItem    0x0000000020000ec4        0x4 ./Core/Src/screens.o
                0x0000000020000ec4                HiItem
 .bss.ByItem    0x0000000020000ec8        0x4 ./Core/Src/screens.o
                0x0000000020000ec8                ByItem
 .bss.currScreen
                0x0000000020000ecc        0x4 ./Core/Src/screens.o
                0x0000000020000ecc                currScreen
 .bss.scrItems  0x0000000020000ed0       0x30 ./Core/Src/screens.o
                0x0000000020000ed0                scrItems
 .bss.scrHi     0x0000000020000f00        0x4 ./Core/Src/screens.o
                0x0000000020000f00                scrHi
 .bss.scrBy     0x0000000020000f04        0x4 ./Core/Src/screens.o
                0x0000000020000f04                scrBy
 .bss.xHigherPriorityTaskWoken.7510
                0x0000000020000f08        0x4 ./Core/Src/stm32f1xx_it.o
 .bss.xHigherPriorityTaskWoken.7515
                0x0000000020000f0c        0x4 ./Core/Src/stm32f1xx_it.o
 .bss.__sbrk_heap_end
                0x0000000020000f10        0x4 ./Core/Src/sysmem.o
 .bss.UserRxBufferFS
                0x0000000020000f14       0x20 ./Core/Src/usart.o
                0x0000000020000f14                UserRxBufferFS
 .bss.RXbuffIdx
                0x0000000020000f34        0x1 ./Core/Src/usart.o
                0x0000000020000f34                RXbuffIdx
 *fill*         0x0000000020000f35        0x3 
 .bss.FontMedium
                0x0000000020000f38        0x4 ./Core/disp/disp.o
                0x0000000020000f38                FontMedium
 .bss.FontSmall
                0x0000000020000f3c        0x4 ./Core/disp/disp.o
                0x0000000020000f3c                FontSmall
 .bss.FontBig   0x0000000020000f40        0x4 ./Core/disp/disp.o
                0x0000000020000f40                FontBig
 .bss.scr_buff  0x0000000020000f44      0x408 ./Core/disp/disp.o
                0x0000000020000f44                scr_buff
 .bss.pxCurrentTCB
                0x000000002000134c        0x4 ./Middlewares/Third_Party/FreeRTOS/Source/tasks.o
                0x000000002000134c                pxCurrentTCB
 .bss.pxReadyTasksLists
                0x0000000020001350       0x8c ./Middlewares/Third_Party/FreeRTOS/Source/tasks.o
 .bss.xDelayedTaskList1