main.cpp:126:6:void SendDebugMsg(char*)	24	static
main.cpp:140:5:int main()	88	static
main.cpp:236:6:void SystemClock_Config()	72	static
main.cpp:275:13:void MX_CAN_Init()	8	static
main.cpp:397:13:void MX_I2C1_Init()	8	static
main.cpp:431:13:void MX_SPI1_Init()	8	static
main.cpp:469:13:void MX_TIM2_Init()	32	static
main.cpp:514:13:void MX_TIM3_Init()	64	static
main.cpp:573:13:void MX_USART1_UART_Init()	8	static
main.cpp:607:13:void MX_GPIO_Init()	40	static
main.cpp:664:6:void StartScreenTask(const void*)	16	static
main.cpp:700:6:void StartCANTask(const void*)	104	static
main.cpp:789:6:void HAL_TIM_PeriodElapsedCallback(TIM_HandleTypeDef*)	16	static
main.cpp:806:6:void Error_Handler()	4	static
