screens.h:68:7:void ScreenItem::hide()	16	static
screens.h:69:7:void ScreenItem::show()	16	static
screens.h:74:7:void ScreenItem::blinkNo()	16	static
screens.h:75:7:void ScreenItem::blinkSlow()	16	static
screens.h:76:7:void ScreenItem::blinkFast()	16	static
screens.h:78:7:void ScreenItem::beep()	16	static
screens.h:79:7:void ScreenItem::beepNo()	16	static
screens.h:84:15:virtual void ScreenItem::DrawItem()	16	static
screens.cpp:81:6:void InitScreen()	16	static
screens.cpp:91:6:void SwitchScreen(uint8_t)	16	static
screens.cpp:113:6:void ByScreen()	8	static
screens.cpp:118:6:void HiScreen()	8	static
screens.cpp:123:6:void FormatItems()	8	static
screens.cpp:192:6:void UpdateScreen()	16	static
screens.cpp:218:6:void DecodeDateVal(uint64_t*, char*)	24	static
screens.cpp:253:6:void Str2Digits(char*)	24	static
screens.cpp:275:6:void StrFormat(char*, uint8_t, uint8_t)	24	static
screens.cpp:292:6:void DisplayInit()	8	static
screens.cpp:297:6:void WriteString(uint16_t, uint16_t, const char*, uint8_t, uint8_t)	32	static
screens.cpp:301:6:void DrawBitmap(uint8_t, uint8_t, BitmapDef*, uint8_t)	16	static
screens.cpp:306:6:void FillRect(uint8_t, uint8_t, uint8_t, uint8_t, uint8_t)	16	static
screens.cpp:311:6:void ClearScr()	8	static
screens.cpp:316:6:void StandbyScr()	8	static
screens.cpp:321:6:void ResumeScr()	8	static
screens.cpp:326:6:void SetBklit(uint16_t)	16	static
screens.cpp:332:1:ScreenItem::ScreenItem()	16	static
screens.cpp:340:6:void ScreenItem::setOption(uint8_t, bool)	16	static
screens.cpp:345:6:bool ScreenItem::getOption(uint8_t)	16	static
screens.cpp:350:1:IntNumItem::IntNumItem(int16_t*, uint8_t, uint8_t, uint8_t, uint8_t, uint8_t)	24	static
screens.cpp:360:6:virtual void IntNumItem::DrawItem()	40	static
screens.cpp:368:1:RealNumItem::RealNumItem(int32_t*, uint8_t, uint8_t, uint8_t, uint8_t, uint8_t, uint8_t)	24	static
screens.cpp:379:6:virtual void RealNumItem::DrawItem()	56	static
screens.cpp:397:1:TextItem::TextItem(char*, uint8_t, uint8_t, uint8_t, uint8_t)	24	static
screens.cpp:406:6:virtual void TextItem::DrawItem()	32	static
screens.cpp:413:1:BitmapItem::BitmapItem(BitmapDef*, uint8_t, uint8_t, uint8_t)	24	static
screens.cpp:422:6:virtual void BitmapItem::DrawItem()	16	static
screens.cpp:425:1:void __static_initialization_and_destruction_0(int, int)	40	static
screens.cpp:425:1:cpp)	8	static
