stm32f1xx_it.c:90:6:NMI_Handler	4	static
stm32f1xx_it.c:103:6:HardFault_Handler	4	static
stm32f1xx_it.c:119:6:MemManage_Handler	4	static
stm32f1xx_it.c:134:6:BusFault_Handler	4	static
stm32f1xx_it.c:149:6:UsageFault_Handler	4	static
stm32f1xx_it.c:164:6:DebugMon_Handler	4	static
stm32f1xx_it.c:184:6:USB_LP_CAN1_RX0_IRQHandler	48	static,ignoring_inline_asm
stm32f1xx_it.c:218:6:CAN1_RX1_IRQHandler	48	static,ignoring_inline_asm
stm32f1xx_it.c:254:6:CAN1_SCE_IRQHandler	8	static
stm32f1xx_it.c:270:6:TIM1_UP_IRQHandler	8	static
stm32f1xx_it.c:284:6:TIM2_IRQHandler	16	static,ignoring_inline_asm
stm32f1xx_it.c:317:6:SPI1_IRQHandler	8	static
stm32f1xx_it.c:333:6:USART1_IRQHandler	8	static
stm32f1xx_it.c:351:6:EXTI15_10_IRQHandler	8	static
