disp.cpp:16:6:void DISP_WriteCommand(uint8_t)	16	static
disp.cpp:30:6:void DISP_WriteData(uint8_t*, size_t)	24	static
disp.cpp:68:6:void DISP_WriteSmallData(uint8_t)	16	static
disp.cpp:81:6:void DISP_Init()	8	static
disp.cpp:206:6:void DISP_ClearScr(uint8_t)	24	static
disp.cpp:212:6:void DISP_Standby()	8	static
disp.cpp:225:6:void DISP_Resume()	8	static
disp.cpp:235:6:void DISP_Bklit(uint16_t)	16	static
disp.cpp:242:6:void DISP_SetContrast(uint8_t)	16	static
disp.cpp:256:6:void DISP_DrawPixel(uint16_t, uint16_t, uint16_t)	24	static
disp.cpp:275:6:void DISP_Fill(uint16_t, uint16_t, uint16_t, uint16_t, uint16_t)	16	static
disp.cpp:295:6:void DISP_DrawLine(uint16_t, uint16_t, uint16_t, uint16_t, uint16_t)	40	static
disp.cpp:356:6:void DISP_DrawRectangle(uint16_t, uint16_t, uint16_t, uint16_t, uint16_t)	32	static
disp.cpp:371:6:void DISP_DrawCircle(uint16_t, uint16_t, uint8_t, uint16_t)	40	static
disp.cpp:414:6:void DISP_DrawImage(uint16_t, uint16_t, uint16_t, uint16_t, const uint16_t*)	16	static
disp.cpp:433:6:void DISP_DrawBitmap(uint16_t, uint16_t, BitmapDef*, uint16_t)	48	static
disp.cpp:472:6:void DISP_DrawChar(uint16_t, uint16_t, char, Font*, uint8_t)	40	static
disp.cpp:524:6:void DISP_DrawString(uint16_t, uint16_t, const char*, uint8_t, uint8_t)	48	static
disp.cpp:571:6:void DISP_DrawFilledRectangle(uint16_t, uint16_t, uint16_t, uint16_t, uint16_t)	40	static
disp.cpp:603:6:void DISP_DrawTriangle(uint16_t, uint16_t, uint16_t, uint16_t, uint16_t, uint16_t, uint16_t)	32	static
disp.cpp:617:6:void DISP_DrawFilledTriangle(uint16_t, uint16_t, uint16_t, uint16_t, uint16_t, uint16_t, uint16_t)	64	static
disp.cpp:684:6:void DISP_DrawFilledCircle(int16_t, int16_t, int16_t, uint16_t)	48	static
disp.cpp:716:6:void DISP_Refresh()	8	static
disp.cpp:719:1:void __static_initialization_and_destruction_0(int, int)	40	static
disp.cpp:719:1:cpp)	8	static
